Archive member included to satisfy reference by file (symbol)

c:/gcc-arm-none-eabi/bin/../lib/gcc/arm-none-eabi/10.3.1/../../../../arm-none-eabi/lib/thumb/v7e-m+fp/hard\libc_nano.a(lib_a-exit.o)
                              c:/gcc-arm-none-eabi/bin/../lib/gcc/arm-none-eabi/10.3.1/../../../../arm-none-eabi/lib/thumb/v7e-m+fp/hard/crt0.o (exit)
c:/gcc-arm-none-eabi/bin/../lib/gcc/arm-none-eabi/10.3.1/../../../../arm-none-eabi/lib/thumb/v7e-m+fp/hard\libc_nano.a(lib_a-impure.o)
                              c:/gcc-arm-none-eabi/bin/../lib/gcc/arm-none-eabi/10.3.1/../../../../arm-none-eabi/lib/thumb/v7e-m+fp/hard\libc_nano.a(lib_a-exit.o) (_global_impure_ptr)
c:/gcc-arm-none-eabi/bin/../lib/gcc/arm-none-eabi/10.3.1/../../../../arm-none-eabi/lib/thumb/v7e-m+fp/hard\libc_nano.a(lib_a-init.o)
                              c:/gcc-arm-none-eabi/bin/../lib/gcc/arm-none-eabi/10.3.1/../../../../arm-none-eabi/lib/thumb/v7e-m+fp/hard/crt0.o (__libc_init_array)
c:/gcc-arm-none-eabi/bin/../lib/gcc/arm-none-eabi/10.3.1/../../../../arm-none-eabi/lib/thumb/v7e-m+fp/hard\libc_nano.a(lib_a-memset.o)
                              c:/gcc-arm-none-eabi/bin/../lib/gcc/arm-none-eabi/10.3.1/../../../../arm-none-eabi/lib/thumb/v7e-m+fp/hard/crt0.o (memset)
c:/gcc-arm-none-eabi/bin/../lib/gcc/arm-none-eabi/10.3.1/../../../../arm-none-eabi/lib/thumb/v7e-m+fp/hard\libc_nano.a(lib_a-sprintf.o)
                              build/main.o (sprintf)
c:/gcc-arm-none-eabi/bin/../lib/gcc/arm-none-eabi/10.3.1/../../../../arm-none-eabi/lib/thumb/v7e-m+fp/hard\libc_nano.a(lib_a-nano-svfprintf.o)
                              c:/gcc-arm-none-eabi/bin/../lib/gcc/arm-none-eabi/10.3.1/../../../../arm-none-eabi/lib/thumb/v7e-m+fp/hard\libc_nano.a(lib_a-sprintf.o) (_svfprintf_r)
c:/gcc-arm-none-eabi/bin/../lib/gcc/arm-none-eabi/10.3.1/../../../../arm-none-eabi/lib/thumb/v7e-m+fp/hard\libc_nano.a(lib_a-nano-vfprintf_i.o)
                              c:/gcc-arm-none-eabi/bin/../lib/gcc/arm-none-eabi/10.3.1/../../../../arm-none-eabi/lib/thumb/v7e-m+fp/hard\libc_nano.a(lib_a-nano-svfprintf.o) (_printf_i)
c:/gcc-arm-none-eabi/bin/../lib/gcc/arm-none-eabi/10.3.1/../../../../arm-none-eabi/lib/thumb/v7e-m+fp/hard\libc_nano.a(lib_a-memchr.o)
                              c:/gcc-arm-none-eabi/bin/../lib/gcc/arm-none-eabi/10.3.1/../../../../arm-none-eabi/lib/thumb/v7e-m+fp/hard\libc_nano.a(lib_a-nano-svfprintf.o) (memchr)
c:/gcc-arm-none-eabi/bin/../lib/gcc/arm-none-eabi/10.3.1/../../../../arm-none-eabi/lib/thumb/v7e-m+fp/hard\libc_nano.a(lib_a-memcpy-stub.o)
                              c:/gcc-arm-none-eabi/bin/../lib/gcc/arm-none-eabi/10.3.1/../../../../arm-none-eabi/lib/thumb/v7e-m+fp/hard\libc_nano.a(lib_a-nano-svfprintf.o) (memcpy)
c:/gcc-arm-none-eabi/bin/../lib/gcc/arm-none-eabi/10.3.1/../../../../arm-none-eabi/lib/thumb/v7e-m+fp/hard\libc_nano.a(lib_a-memmove.o)
                              c:/gcc-arm-none-eabi/bin/../lib/gcc/arm-none-eabi/10.3.1/../../../../arm-none-eabi/lib/thumb/v7e-m+fp/hard\libc_nano.a(lib_a-nano-svfprintf.o) (memmove)
c:/gcc-arm-none-eabi/bin/../lib/gcc/arm-none-eabi/10.3.1/../../../../arm-none-eabi/lib/thumb/v7e-m+fp/hard\libc_nano.a(lib_a-nano-freer.o)
                              c:/gcc-arm-none-eabi/bin/../lib/gcc/arm-none-eabi/10.3.1/../../../../arm-none-eabi/lib/thumb/v7e-m+fp/hard\libc_nano.a(lib_a-nano-svfprintf.o) (_free_r)
c:/gcc-arm-none-eabi/bin/../lib/gcc/arm-none-eabi/10.3.1/../../../../arm-none-eabi/lib/thumb/v7e-m+fp/hard\libc_nano.a(lib_a-nano-mallocr.o)
                              c:/gcc-arm-none-eabi/bin/../lib/gcc/arm-none-eabi/10.3.1/../../../../arm-none-eabi/lib/thumb/v7e-m+fp/hard\libc_nano.a(lib_a-nano-svfprintf.o) (_malloc_r)
c:/gcc-arm-none-eabi/bin/../lib/gcc/arm-none-eabi/10.3.1/../../../../arm-none-eabi/lib/thumb/v7e-m+fp/hard\libc_nano.a(lib_a-nano-reallocr.o)
                              c:/gcc-arm-none-eabi/bin/../lib/gcc/arm-none-eabi/10.3.1/../../../../arm-none-eabi/lib/thumb/v7e-m+fp/hard\libc_nano.a(lib_a-nano-svfprintf.o) (_realloc_r)
c:/gcc-arm-none-eabi/bin/../lib/gcc/arm-none-eabi/10.3.1/../../../../arm-none-eabi/lib/thumb/v7e-m+fp/hard\libc_nano.a(lib_a-sbrkr.o)
                              c:/gcc-arm-none-eabi/bin/../lib/gcc/arm-none-eabi/10.3.1/../../../../arm-none-eabi/lib/thumb/v7e-m+fp/hard\libc_nano.a(lib_a-nano-mallocr.o) (_sbrk_r)
c:/gcc-arm-none-eabi/bin/../lib/gcc/arm-none-eabi/10.3.1/../../../../arm-none-eabi/lib/thumb/v7e-m+fp/hard\libc_nano.a(lib_a-mlock.o)
                              c:/gcc-arm-none-eabi/bin/../lib/gcc/arm-none-eabi/10.3.1/../../../../arm-none-eabi/lib/thumb/v7e-m+fp/hard\libc_nano.a(lib_a-nano-freer.o) (__malloc_lock)
c:/gcc-arm-none-eabi/bin/../lib/gcc/arm-none-eabi/10.3.1/../../../../arm-none-eabi/lib/thumb/v7e-m+fp/hard\libc_nano.a(lib_a-nano-msizer.o)
                              c:/gcc-arm-none-eabi/bin/../lib/gcc/arm-none-eabi/10.3.1/../../../../arm-none-eabi/lib/thumb/v7e-m+fp/hard\libc_nano.a(lib_a-nano-reallocr.o) (_malloc_usable_size_r)
[...]
Memory Configuration

Name             Origin             Length             Attributes
RAM              0x20000000         0x00030000         xrw
CCMRAM           0x10000000         0x00010000         xrw
FLASH            0x08000000         0x00100000         xr
*default*        0x00000000         0xffffffff

Linker script and memory map

LOAD c:/gcc-arm-none-eabi/bin/../lib/gcc/arm-none-eabi/10.3.1/thumb/v7e-m+fp/hard/crti.o
LOAD c:/gcc-arm-none-eabi/bin/../lib/gcc/arm-none-eabi/10.3.1/thumb/v7e-m+fp/hard/crtbegin.o
LOAD c:/gcc-arm-none-eabi/bin/../lib/gcc/arm-none-eabi/10.3.1/../../../../arm-none-eabi/lib/thumb/v7e-m+fp/hard/crt0.o
LOAD build/main.o
LOAD build/barometer.o
LOAD build/MPU9250.o
LOAD build/stm32f4xx_it.o
LOAD build/stm32f4xx_hal_msp.o
LOAD build/stm32f4xx_hal_spi.o
LOAD build/stm32f4xx_hal_rcc.o
LOAD build/stm32f4xx_hal_rcc_ex.o
LOAD build/stm32f4xx_hal_flash.o
LOAD build/stm32f4xx_hal_flash_ex.o
LOAD build/stm32f4xx_hal_flash_ramfunc.o
LOAD build/stm32f4xx_hal_gpio.o
LOAD build/stm32f4xx_hal_dma_ex.o
LOAD build/stm32f4xx_hal_dma.o
LOAD build/stm32f4xx_hal_pwr.o
LOAD build/stm32f4xx_hal_pwr_ex.o
LOAD build/stm32f4xx_hal_cortex.o
LOAD build/stm32f4xx_hal.o
LOAD build/stm32f4xx_hal_exti.o
LOAD build/stm32f4xx_hal_tim.o
LOAD build/stm32f4xx_hal_tim_ex.o
LOAD build/system_stm32f4xx.o
LOAD build/startup_stm32f427xx.o
LOAD c:/gcc-arm-none-eabi/bin/../lib/gcc/arm-none-eabi/10.3.1/../../../../arm-none-eabi/lib/thumb/v7e-m+fp/hard\libc_nano.a
LOAD c:/gcc-arm-none-eabi/bin/../lib/gcc/arm-none-eabi/10.3.1/../../../../arm-none-eabi/lib/thumb/v7e-m+fp/hard\libm.a
LOAD c:/gcc-arm-none-eabi/bin/../lib/gcc/arm-none-eabi/10.3.1/../../../../arm-none-eabi/lib/thumb/v7e-m+fp/hard\libnosys.a
START GROUP
LOAD c:/gcc-arm-none-eabi/bin/../lib/gcc/arm-none-eabi/10.3.1/thumb/v7e-m+fp/hard\libgcc.a
LOAD c:/gcc-arm-none-eabi/bin/../lib/gcc/arm-none-eabi/10.3.1/../../../../arm-none-eabi/lib/thumb/v7e-m+fp/hard\libc_nano.a
END GROUP
START GROUP
LOAD c:/gcc-arm-none-eabi/bin/../lib/gcc/arm-none-eabi/10.3.1/thumb/v7e-m+fp/hard\libgcc.a
LOAD c:/gcc-arm-none-eabi/bin/../lib/gcc/arm-none-eabi/10.3.1/../../../../arm-none-eabi/lib/thumb/v7e-m+fp/hard\libc_nano.a
END GROUP
LOAD c:/gcc-arm-none-eabi/bin/../lib/gcc/arm-none-eabi/10.3.1/thumb/v7e-m+fp/hard/crtend.o
LOAD c:/gcc-arm-none-eabi/bin/../lib/gcc/arm-none-eabi/10.3.1/thumb/v7e-m+fp/hard/crtn.o
                0x20030000                _estack = (ORIGIN (RAM) + LENGTH (RAM))
                0x00000200                _Min_Heap_Size = 0x200
                0x00000400                _Min_Stack_Size = 0x400

.isr_vector     0x08000000      0x1ac
                0x08000000                . = ALIGN (0x4)
 *(.isr_vector)
 .isr_vector    0x08000000      0x1ac build/startup_stm32f427xx.o
                0x08000000                g_pfnVectors
                0x080001ac                . = ALIGN (0x4)

.text           0x080001b0     0x52fc
                0x080001b0                . = ALIGN (0x4)
 *(.text)
 .text          0x080001b0       0x40 c:/gcc-arm-none-eabi/bin/../lib/gcc/arm-none-eabi/10.3.1/thumb/v7e-m+fp/hard/crtbegin.o
 .text          0x080001f0       0xa0 c:/gcc-arm-none-eabi/bin/../lib/gcc/arm-none-eabi/10.3.1/../../../../arm-none-eabi/lib/thumb/v7e-m+fp/hard\libc_nano.a(lib_a-memchr.o)
                0x080001f0                memchr
 .text          0x08000290      0x378 c:/gcc-arm-none-eabi/bin/../lib/gcc/arm-none-eabi/10.3.1/thumb/v7e-m+fp/hard\libgcc.a(_arm_addsubdf3.o)
                0x08000290                __aeabi_drsub
                0x08000298                __aeabi_dsub
                0x08000298                __subdf3
                0x0800029c                __aeabi_dadd
                0x0800029c                __adddf3
                0x08000514                __floatunsidf
                0x08000514                __aeabi_ui2d
                0x08000534                __floatsidf
                0x08000534                __aeabi_i2d
                0x08000558                __aeabi_f2d
                0x08000558                __extendsfdf2
                0x0800059c                __floatundidf
                0x0800059c                __aeabi_ul2d
                0x080005ac                __floatdidf
                0x080005ac                __aeabi_l2d
 .text          0x08000608      0x424 c:/gcc-arm-none-eabi/bin/../lib/gcc/arm-none-eabi/10.3.1/thumb/v7e-m+fp/hard\libgcc.a(_arm_muldivdf3.o)
                0x08000608                __aeabi_dmul
                0x08000608                __muldf3
                0x0800085c                __divdf3
                0x0800085c                __aeabi_ddiv
 .text          0x08000a2c      0x110 c:/gcc-arm-none-eabi/bin/../lib/gcc/arm-none-eabi/10.3.1/thumb/v7e-m+fp/hard\libgcc.a(_arm_cmpdf2.o)
                0x08000a2c                __gtdf2
                0x08000a2c                __gedf2
                0x08000a34                __ltdf2
                0x08000a34                __ledf2
                0x08000a3c                __nedf2
                0x08000a3c                __eqdf2
                0x08000a3c                __cmpdf2
                0x08000ab8                __aeabi_cdrcmple
                0x08000ac8                __aeabi_cdcmpeq
                0x08000ac8                __aeabi_cdcmple
                0x08000ad8                __aeabi_dcmpeq
                0x08000aec                __aeabi_dcmplt
                0x08000b00                __aeabi_dcmple
                0x08000b14                __aeabi_dcmpge
                0x08000b28                __aeabi_dcmpgt
 .text          0x08000b3c       0x2c c:/gcc-arm-none-eabi/bin/../lib/gcc/arm-none-eabi/10.3.1/thumb/v7e-m+fp/hard\libgcc.a(_arm_unorddf2.o)
                0x08000b3c                __unorddf2
                0x08000b3c                __aeabi_dcmpun
 .text          0x08000b68       0xa0 c:/gcc-arm-none-eabi/bin/../lib/gcc/arm-none-eabi/10.3.1/thumb/v7e-m+fp/hard\libgcc.a(_arm_truncdfsf2.o)
                0x08000b68                __truncdfsf2
                0x08000b68                __aeabi_d2f
 .text          0x08000c08       0x30 c:/gcc-arm-none-eabi/bin/../lib/gcc/arm-none-eabi/10.3.1/thumb/v7e-m+fp/hard\libgcc.a(_aeabi_uldivmod.o)
                0x08000c08                __aeabi_uldivmod
 .text          0x08000c38      0x2d0 c:/gcc-arm-none-eabi/bin/../lib/gcc/arm-none-eabi/10.3.1/thumb/v7e-m+fp/hard\libgcc.a(_udivmoddi4.o)
                0x08000c38                __udivmoddi4
 .text          0x08000f08        0x4 c:/gcc-arm-none-eabi/bin/../lib/gcc/arm-none-eabi/10.3.1/thumb/v7e-m+fp/hard\libgcc.a(_dvmd_tls.o)
                0x08000f08                __aeabi_idiv0
                0x08000f08                __aeabi_ldiv0
 *(.text*)
 .text.SWO_PrintChar
                0x08000f0c       0x70 build/main.o
                0x08000f0c                SWO_PrintChar
 .text.SWO_PrintString
                0x08000f7c       0x32 build/main.o
                0x08000f7c                SWO_PrintString
 .text.printString
                0x08000fae       0x18 build/main.o
                0x08000fae                printString
 *fill*         0x08000fc6        0x2 
 .text.main     0x08000fc8       0xd4 build/main.o
                0x08000fc8                main
 .text.SystemClock_Config
                0x0800109c       0xd4 build/main.o
                0x0800109c                SystemClock_Config
 .text.MX_SPI1_Init
                0x08001170       0x6c build/main.o
 .text.MX_GPIO_Init
                0x080011dc       0xa0 build/main.o
 .text.Error_Handler
                0x0800127c        0xa build/main.o
                0x0800127c                Error_Handler
 *fill*         0x08001286        0x2 
 .text.ms5611_init
                0x08001288       0x80 build/barometer.o
 .text.ms5611_write
                0x08001308       0x3c build/barometer.o
 .text.ms5611_read16bits
                0x08001344       0x54 build/barometer.o
 .text.ms5611_read24bits
                0x08001398       0x54 build/barometer.o
 .text.ms5611_readRawTemp
                0x080013ec       0x34 build/barometer.o
 .text.ms5611_readRawPressure
                0x08001420       0x34 build/barometer.o
 .text.Barometer_init
                0x08001454        0xc build/barometer.o
                0x08001454                Barometer_init
 .text.Barometer_getTemp
                0x08001460       0x24 build/barometer.o
                0x08001460                Barometer_getTemp
 .text.Barometer_getPressure
                0x08001484       0x24 build/barometer.o
                0x08001484                Barometer_getPressure
 .text.Barometer_calculate
                0x080014a8      0x534 build/barometer.o
                0x080014a8                Barometer_calculate
 .text.MPU9250_OnActivate
                0x080019dc        0xe build/MPU9250.o
                0x080019dc                MPU9250_OnActivate
 *fill*         0x080019ea        0x2 
 .text.MPU9250_Activate
                0x080019ec       0x1c build/MPU9250.o
 .text.MPU9250_Deactivate
                0x08001a08       0x18 build/MPU9250.o
 .text.SPIx_WriteRead
                0x08001a20       0x3c build/MPU9250.o
                0x08001a20                SPIx_WriteRead
 .text.MPU_SPI_Write
                0x08001a5c       0x46 build/MPU9250.o
                0x08001a5c                MPU_SPI_Write
 *fill*         0x08001aa2        0x2 
 .text.MPU_SPI_Read
                0x08001aa4       0x50 build/MPU9250.o
                0x08001aa4                MPU_SPI_Read
 .text.writeRegister
                0x08001af4       0x2a build/MPU9250.o
                0x08001af4                writeRegister
 .text.readRegisters
                0x08001b1e       0x26 build/MPU9250.o
                0x08001b1e                readRegisters
 .text.writeAK8963Register
                0x08001b44       0x4e build/MPU9250.o
                0x08001b44                writeAK8963Register
 .text.readAK8963Registers
                0x08001b92       0x56 build/MPU9250.o
                0x08001b92                readAK8963Registers
 .text.whoAmI   0x08001be8       0x1c build/MPU9250.o
 .text.whoAmIAK8963
                0x08001c04       0x1c build/MPU9250.o
 .text.MPU9250_Init
                0x08001c20      0x170 build/MPU9250.o
                0x08001c20                MPU9250_Init
 .text.MPU9250_GetData
                0x08001d90      0x1a8 build/MPU9250.o
                0x08001d90                MPU9250_GetData
 .text.NMI_Handler
                0x08001f38        0x6 build/stm32f4xx_it.o
                0x08001f38                NMI_Handler
 .text.HardFault_Handler
                0x08001f3e        0x6 build/stm32f4xx_it.o
                0x08001f3e                HardFault_Handler
 .text.MemManage_Handler
                0x08001f44        0x6 build/stm32f4xx_it.o
                0x08001f44                MemManage_Handler
 .text.BusFault_Handler
                0x08001f4a        0x6 build/stm32f4xx_it.o
                0x08001f4a                BusFault_Handler
 .text.UsageFault_Handler
                0x08001f50        0x6 build/stm32f4xx_it.o
                0x08001f50                UsageFault_Handler
 .text.SVC_Handler
                0x08001f56        0xe build/stm32f4xx_it.o
                0x08001f56                SVC_Handler
 .text.DebugMon_Handler
                0x08001f64        0xe build/stm32f4xx_it.o
                0x08001f64                DebugMon_Handler
 .text.PendSV_Handler
                0x08001f72        0xe build/stm32f4xx_it.o
                0x08001f72                PendSV_Handler
 .text.SysTick_Handler
                0x08001f80        0xc build/stm32f4xx_it.o
                0x08001f80                SysTick_Handler
 .text.HAL_MspInit
                0x08001f8c       0x50 build/stm32f4xx_hal_msp.o
                0x08001f8c                HAL_MspInit
 .text.HAL_SPI_MspInit
                0x08001fdc       0x90 build/stm32f4xx_hal_msp.o
                0x08001fdc                HAL_SPI_MspInit
 .text.HAL_SPI_Init
                0x0800206c      0x112 build/stm32f4xx_hal_spi.o
                0x0800206c                HAL_SPI_Init
 .text.HAL_SPI_Transmit
                0x0800217e      0x278 build/stm32f4xx_hal_spi.o
                0x0800217e                HAL_SPI_Transmit
 .text.HAL_SPI_Receive
                0x080023f6      0x222 build/stm32f4xx_hal_spi.o
                0x080023f6                HAL_SPI_Receive
 .text.HAL_SPI_TransmitReceive
                0x08002618      0x344 build/stm32f4xx_hal_spi.o
                0x08002618                HAL_SPI_TransmitReceive
 .text.SPI_WaitFlagStateUntilTimeout
                0x0800295c      0x110 build/stm32f4xx_hal_spi.o
 .text.SPI_EndRxTransaction
                0x08002a6c       0xca build/stm32f4xx_hal_spi.o
 *fill*         0x08002b36        0x2 
 .text.SPI_EndRxTxTransaction
                0x08002b38       0x84 build/stm32f4xx_hal_spi.o
 .text.HAL_RCC_OscConfig
                0x08002bbc      0x4f0 build/stm32f4xx_hal_rcc.o
                0x08002bbc                HAL_RCC_OscConfig
 .text.HAL_RCC_ClockConfig
                0x080030ac      0x1cc build/stm32f4xx_hal_rcc.o
                0x080030ac                HAL_RCC_ClockConfig
 .text.HAL_RCC_GetSysClockFreq
                0x08003278      0x208 build/stm32f4xx_hal_rcc.o
                0x08003278                HAL_RCC_GetSysClockFreq
 .text.HAL_GPIO_Init
                0x08003480      0x358 build/stm32f4xx_hal_gpio.o
                0x08003480                HAL_GPIO_Init
 .text.HAL_GPIO_WritePin
                0x080037d8       0x32 build/stm32f4xx_hal_gpio.o
                0x080037d8                HAL_GPIO_WritePin
 *fill*         0x0800380a        0x2 
 .text.__NVIC_SetPriorityGrouping
                0x0800380c       0x48 build/stm32f4xx_hal_cortex.o
 .text.__NVIC_GetPriorityGrouping
                0x08003854       0x1c build/stm32f4xx_hal_cortex.o
 .text.__NVIC_SetPriority
                0x08003870       0x54 build/stm32f4xx_hal_cortex.o
 .text.NVIC_EncodePriority
                0x080038c4       0x66 build/stm32f4xx_hal_cortex.o
 *fill*         0x0800392a        0x2 
 .text.SysTick_Config
                0x0800392c       0x44 build/stm32f4xx_hal_cortex.o
 .text.HAL_NVIC_SetPriorityGrouping
                0x08003970       0x16 build/stm32f4xx_hal_cortex.o
                0x08003970                HAL_NVIC_SetPriorityGrouping
 .text.HAL_NVIC_SetPriority
                0x08003986       0x38 build/stm32f4xx_hal_cortex.o
                0x08003986                HAL_NVIC_SetPriority
 .text.HAL_SYSTICK_Config
                0x080039be       0x18 build/stm32f4xx_hal_cortex.o
                0x080039be                HAL_SYSTICK_Config
 *fill*         0x080039d6        0x2 
 .text.HAL_Init
                0x080039d8       0x44 build/stm32f4xx_hal.o
                0x080039d8                HAL_Init
 .text.HAL_InitTick
                0x08003a1c       0x60 build/stm32f4xx_hal.o
                0x08003a1c                HAL_InitTick
 .text.HAL_IncTick
                0x08003a7c       0x28 build/stm32f4xx_hal.o
                0x08003a7c                HAL_IncTick
 .text.HAL_GetTick
                0x08003aa4       0x18 build/stm32f4xx_hal.o
                0x08003aa4                HAL_GetTick
 .text.HAL_Delay
                0x08003abc       0x48 build/stm32f4xx_hal.o
                0x08003abc                HAL_Delay
 .text.SystemInit
                0x08003b04       0x24 build/system_stm32f4xx.o
                0x08003b04                SystemInit
 .text.Reset_Handler
                0x08003b28       0x50 build/startup_stm32f427xx.o
                0x08003b28                Reset_Handler
 .text.Default_Handler
                0x08003b78        0x2 build/startup_stm32f427xx.o
                0x08003b78                RTC_Alarm_IRQHandler
                0x08003b78                HASH_RNG_IRQHandler
                0x08003b78                EXTI2_IRQHandler
                0x08003b78                TIM8_CC_IRQHandler
                0x08003b78                UART8_IRQHandler
                0x08003b78                SPI4_IRQHandler
                0x08003b78                TIM1_CC_IRQHandler
                0x08003b78                DMA2_Stream5_IRQHandler
                0x08003b78                DMA1_Stream5_IRQHandler
                0x08003b78                PVD_IRQHandler
                0x08003b78                SDIO_IRQHandler
                0x08003b78                TAMP_STAMP_IRQHandler
                0x08003b78                CAN2_RX1_IRQHandler
                0x08003b78                EXTI3_IRQHandler
                0x08003b78                TIM8_TRG_COM_TIM14_IRQHandler
                0x08003b78                TIM1_UP_TIM10_IRQHandler
                0x08003b78                TIM8_UP_TIM13_IRQHandler
                0x08003b78                I2C3_ER_IRQHandler
                0x08003b78                EXTI0_IRQHandler
                0x08003b78                I2C2_EV_IRQHandler
                0x08003b78                DMA1_Stream2_IRQHandler
                0x08003b78                CAN1_RX0_IRQHandler
                0x08003b78                FPU_IRQHandler
                0x08003b78                OTG_HS_WKUP_IRQHandler
                0x08003b78                CAN2_SCE_IRQHandler
                0x08003b78                DMA2_Stream2_IRQHandler
                0x08003b78                SPI1_IRQHandler
                0x08003b78                TIM6_DAC_IRQHandler
                0x08003b78                TIM1_BRK_TIM9_IRQHandler
                0x08003b78                DCMI_IRQHandler
                0x08003b78                CAN2_RX0_IRQHandler
                0x08003b78                DMA2_Stream3_IRQHandler
                0x08003b78                USART6_IRQHandler
                0x08003b78                USART3_IRQHandler
                0x08003b78                CAN1_RX1_IRQHandler
                0x08003b78                UART5_IRQHandler
                0x08003b78                DMA2_Stream0_IRQHandler
                0x08003b78                TIM4_IRQHandler
                0x08003b78                I2C1_EV_IRQHandler
                0x08003b78                DMA1_Stream6_IRQHandler
                0x08003b78                DMA1_Stream1_IRQHandler
                0x08003b78                UART4_IRQHandler
                0x08003b78                TIM3_IRQHandler
                0x08003b78                RCC_IRQHandler
                0x08003b78                TIM8_BRK_TIM12_IRQHandler
                0x08003b78                Default_Handler
                0x08003b78                EXTI15_10_IRQHandler
                0x08003b78                ADC_IRQHandler
                0x08003b78                DMA1_Stream7_IRQHandler
                0x08003b78                SPI5_IRQHandler
                0x08003b78                TIM7_IRQHandler
                0x08003b78                CAN2_TX_IRQHandler
                0x08003b78                TIM5_IRQHandler
                0x08003b78                DMA2_Stream7_IRQHandler
                0x08003b78                I2C3_EV_IRQHandler
                0x08003b78                EXTI9_5_IRQHandler
                0x08003b78                RTC_WKUP_IRQHandler
                0x08003b78                ETH_WKUP_IRQHandler
                0x08003b78                SPI2_IRQHandler
                0x08003b78                OTG_HS_EP1_IN_IRQHandler
                0x08003b78                DMA1_Stream0_IRQHandler
                0x08003b78                CAN1_TX_IRQHandler
                0x08003b78                EXTI4_IRQHandler
                0x08003b78                ETH_IRQHandler
                0x08003b78                OTG_HS_EP1_OUT_IRQHandler
                0x08003b78                WWDG_IRQHandler
                0x08003b78                SPI6_IRQHandler
                0x08003b78                TIM2_IRQHandler
                0x08003b78                OTG_FS_WKUP_IRQHandler
                0x08003b78                TIM1_TRG_COM_TIM11_IRQHandler
                0x08003b78                OTG_HS_IRQHandler
                0x08003b78                DMA2D_IRQHandler
                0x08003b78                EXTI1_IRQHandler
                0x08003b78                UART7_IRQHandler
                0x08003b78                USART2_IRQHandler
                0x08003b78                I2C2_ER_IRQHandler
                0x08003b78                DMA2_Stream1_IRQHandler
                0x08003b78                CAN1_SCE_IRQHandler
                0x08003b78                FLASH_IRQHandler
                0x08003b78                DMA2_Stream4_IRQHandler
                0x08003b78                USART1_IRQHandler
                0x08003b78                OTG_FS_IRQHandler
                0x08003b78                SPI3_IRQHandler
                0x08003b78                DMA1_Stream4_IRQHandler
                0x08003b78                I2C1_ER_IRQHandler
                0x08003b78                FMC_IRQHandler
                0x08003b78                DMA2_Stream6_IRQHandler
                0x08003b78                SAI1_IRQHandler
                0x08003b78                DMA1_Stream3_IRQHandler
 *fill*         0x08003b7a        0x2 
 .text.__libc_init_array
                0x08003b7c       0x48 c:/gcc-arm-none-eabi/bin/../lib/gcc/arm-none-eabi/10.3.1/../../../../arm-none-eabi/lib/thumb/v7e-m+fp/hard\libc_nano.a(lib_a-init.o)
                0x08003b7c                __libc_init_array
 .text.memset   0x08003bc4       0x10 c:/gcc-arm-none-eabi/bin/../lib/gcc/arm-none-eabi/10.3.1/../../../../arm-none-eabi/lib/thumb/v7e-m+fp/hard\libc_nano.a(lib_a-memset.o)
                0x08003bc4                memset
 .text.sprintf  0x08003bd4       0x40 c:/gcc-arm-none-eabi/bin/../lib/gcc/arm-none-eabi/10.3.1/../../../../arm-none-eabi/lib/thumb/v7e-m+fp/hard\libc_nano.a(lib_a-sprintf.o)
                0x08003bd4                siprintf
                0x08003bd4                sprintf
 .text.__ssputs_r
                0x08003c14       0xb6 c:/gcc-arm-none-eabi/bin/../lib/gcc/arm-none-eabi/10.3.1/../../../../arm-none-eabi/lib/thumb/v7e-m+fp/hard\libc_nano.a(lib_a-nano-svfprintf.o)
                0x08003c14                __ssputs_r
 *fill*         0x08003cca        0x2 
 .text._svfprintf_r
                0x08003ccc      0x200 c:/gcc-arm-none-eabi/bin/../lib/gcc/arm-none-eabi/10.3.1/../../../../arm-none-eabi/lib/thumb/v7e-m+fp/hard\libc_nano.a(lib_a-nano-svfprintf.o)
                0x08003ccc                _svfiprintf_r
                0x08003ccc                _svfprintf_r
 .text._printf_common
                0x08003ecc       0xda c:/gcc-arm-none-eabi/bin/../lib/gcc/arm-none-eabi/10.3.1/../../../../arm-none-eabi/lib/thumb/v7e-m+fp/hard\libc_nano.a(lib_a-nano-vfprintf_i.o)
                0x08003ecc                _printf_common
 *fill*         0x08003fa6        0x2 
 .text._printf_i
                0x08003fa8      0x24c c:/gcc-arm-none-eabi/bin/../lib/gcc/arm-none-eabi/10.3.1/../../../../arm-none-eabi/lib/thumb/v7e-m+fp/hard\libc_nano.a(lib_a-nano-vfprintf_i.o)
                0x08003fa8                _printf_i
 .text.memcpy   0x080041f4       0x1c c:/gcc-arm-none-eabi/bin/../lib/gcc/arm-none-eabi/10.3.1/../../../../arm-none-eabi/lib/thumb/v7e-m+fp/hard\libc_nano.a(lib_a-memcpy-stub.o)
                0x080041f4                memcpy
 .text.memmove  0x08004210       0x34 c:/gcc-arm-none-eabi/bin/../lib/gcc/arm-none-eabi/10.3.1/../../../../arm-none-eabi/lib/thumb/v7e-m+fp/hard\libc_nano.a(lib_a-memmove.o)
                0x08004210                memmove
 .text._free_r  0x08004244       0x98 c:/gcc-arm-none-eabi/bin/../lib/gcc/arm-none-eabi/10.3.1/../../../../arm-none-eabi/lib/thumb/v7e-m+fp/hard\libc_nano.a(lib_a-nano-freer.o)
                0x08004244                _free_r
 .text.sbrk_aligned
                0x080042dc       0x40 c:/gcc-arm-none-eabi/bin/../lib/gcc/arm-none-eabi/10.3.1/../../../../arm-none-eabi/lib/thumb/v7e-m+fp/hard\libc_nano.a(lib_a-nano-mallocr.o)
 .text._malloc_r
                0x0800431c       0xe8 c:/gcc-arm-none-eabi/bin/../lib/gcc/arm-none-eabi/10.3.1/../../../../arm-none-eabi/lib/thumb/v7e-m+fp/hard\libc_nano.a(lib_a-nano-mallocr.o)
                0x0800431c                _malloc_r
 .text._realloc_r
                0x08004404       0x5e c:/gcc-arm-none-eabi/bin/../lib/gcc/arm-none-eabi/10.3.1/../../../../arm-none-eabi/lib/thumb/v7e-m+fp/hard\libc_nano.a(lib_a-nano-reallocr.o)
                0x08004404                _realloc_r
 *fill*         0x08004462        0x2 
 .text._sbrk_r  0x08004464       0x20 c:/gcc-arm-none-eabi/bin/../lib/gcc/arm-none-eabi/10.3.1/../../../../arm-none-eabi/lib/thumb/v7e-m+fp/hard\libc_nano.a(lib_a-sbrkr.o)
                0x08004464                _sbrk_r
 .text.__malloc_lock
                0x08004484        0xc c:/gcc-arm-none-eabi/bin/../lib/gcc/arm-none-eabi/10.3.1/../../../../arm-none-eabi/lib/thumb/v7e-m+fp/hard\libc_nano.a(lib_a-mlock.o)
                0x08004484                __malloc_lock
 .text.__malloc_unlock
                0x08004490        0xc c:/gcc-arm-none-eabi/bin/../lib/gcc/arm-none-eabi/10.3.1/../../../../arm-none-eabi/lib/thumb/v7e-m+fp/hard\libc_nano.a(lib_a-mlock.o)
                0x08004490                __malloc_unlock
 .text._malloc_usable_size_r
                0x0800449c       0x10 c:/gcc-arm-none-eabi/bin/../lib/gcc/arm-none-eabi/10.3.1/../../../../arm-none-eabi/lib/thumb/v7e-m+fp/hard\libc_nano.a(lib_a-nano-msizer.o)
                0x0800449c                _malloc_usable_size_r
 .text.__retarget_lock_acquire_recursive
                0x080044ac        0x2 c:/gcc-arm-none-eabi/bin/../lib/gcc/arm-none-eabi/10.3.1/../../../../arm-none-eabi/lib/thumb/v7e-m+fp/hard\libc_nano.a(lib_a-lock.o)
                0x080044ac                __retarget_lock_acquire_recursive
 .text.__retarget_lock_release_recursive
                0x080044ae        0x2 c:/gcc-arm-none-eabi/bin/../lib/gcc/arm-none-eabi/10.3.1/../../../../arm-none-eabi/lib/thumb/v7e-m+fp/hard\libc_nano.a(lib_a-lock.o)
                0x080044ae                __retarget_lock_release_recursive
 .text.pow      0x080044b0       0xf0 c:/gcc-arm-none-eabi/bin/../lib/gcc/arm-none-eabi/10.3.1/../../../../arm-none-eabi/lib/thumb/v7e-m+fp/hard\libm.a(lib_a-w_pow.o)
                0x080044b0                pow
 .text.__ieee754_pow
                0x080045a0      0xb74 c:/gcc-arm-none-eabi/bin/../lib/gcc/arm-none-eabi/10.3.1/../../../../arm-none-eabi/lib/thumb/v7e-m+fp/hard\libm.a(lib_a-e_pow.o)
                0x080045a0                __ieee754_pow
 .text.__ieee754_sqrt
                0x08005114      0x198 c:/gcc-arm-none-eabi/bin/../lib/gcc/arm-none-eabi/10.3.1/../../../../arm-none-eabi/lib/thumb/v7e-m+fp/hard\libm.a(lib_a-e_sqrt.o)
                0x08005114                __ieee754_sqrt
 .text.with_errno
                0x080052ac       0x18 c:/gcc-arm-none-eabi/bin/../lib/gcc/arm-none-eabi/10.3.1/../../../../arm-none-eabi/lib/thumb/v7e-m+fp/hard\libm.a(lib_a-math_err.o)
 .text.xflow    0x080052c4       0x2c c:/gcc-arm-none-eabi/bin/../lib/gcc/arm-none-eabi/10.3.1/../../../../arm-none-eabi/lib/thumb/v7e-m+fp/hard\libm.a(lib_a-math_err.o)
 .text.__math_uflow
                0x080052f0       0x14 c:/gcc-arm-none-eabi/bin/../lib/gcc/arm-none-eabi/10.3.1/../../../../arm-none-eabi/lib/thumb/v7e-m+fp/hard\libm.a(lib_a-math_err.o)
                0x080052f0                __math_uflow
 .text.__math_oflow
                0x08005304       0x14 c:/gcc-arm-none-eabi/bin/../lib/gcc/arm-none-eabi/10.3.1/../../../../arm-none-eabi/lib/thumb/v7e-m+fp/hard\libm.a(lib_a-math_err.o)
                0x08005304                __math_oflow
 .text.fabs     0x08005318       0x14 c:/gcc-arm-none-eabi/bin/../lib/gcc/arm-none-eabi/10.3.1/../../../../arm-none-eabi/lib/thumb/v7e-m+fp/hard\libm.a(lib_a-s_fabs.o)
                0x08005318                fabs
 .text.finite   0x0800532c       0x18 c:/gcc-arm-none-eabi/bin/../lib/gcc/arm-none-eabi/10.3.1/../../../../arm-none-eabi/lib/thumb/v7e-m+fp/hard\libm.a(lib_a-s_finite.o)
                0x0800532c                finite
 *fill*         0x08005344        0x4 
 .text.scalbn   0x08005348      0x124 c:/gcc-arm-none-eabi/bin/../lib/gcc/arm-none-eabi/10.3.1/../../../../arm-none-eabi/lib/thumb/v7e-m+fp/hard\libm.a(lib_a-s_scalbn.o)
                0x08005348                scalbn
 .text._sbrk    0x0800546c       0x1c c:/gcc-arm-none-eabi/bin/../lib/gcc/arm-none-eabi/10.3.1/../../../../arm-none-eabi/lib/thumb/v7e-m+fp/hard\libnosys.a(sbrk.o)
                0x0800546c                _sbrk
 .text.__errno  0x08005488        0xc c:/gcc-arm-none-eabi/bin/../lib/gcc/arm-none-eabi/10.3.1/../../../../arm-none-eabi/lib/thumb/v7e-m+fp/hard\libc_nano.a(lib_a-errno.o)
                0x08005488                __errno
 *(.glue_7)
 .glue_7        0x08005494        0x0 linker stubs
 *(.glue_7t)
 .glue_7t       0x08005494        0x0 linker stubs
 *(.eh_frame)
 .eh_frame      0x08005494        0x0 c:/gcc-arm-none-eabi/bin/../lib/gcc/arm-none-eabi/10.3.1/thumb/v7e-m+fp/hard/crtbegin.o
 *(.init)
 .init          0x08005494        0x4 c:/gcc-arm-none-eabi/bin/../lib/gcc/arm-none-eabi/10.3.1/thumb/v7e-m+fp/hard/crti.o
                0x08005494                _init
 .init          0x08005498        0x8 c:/gcc-arm-none-eabi/bin/../lib/gcc/arm-none-eabi/10.3.1/thumb/v7e-m+fp/hard/crtn.o
 *(.fini)
 .fini          0x080054a0        0x4 c:/gcc-arm-none-eabi/bin/../lib/gcc/arm-none-eabi/10.3.1/thumb/v7e-m+fp/hard/crti.o
                0x080054a0                _fini
 .fini          0x080054a4        0x8 c:/gcc-arm-none-eabi/bin/../lib/gcc/arm-none-eabi/10.3.1/thumb/v7e-m+fp/hard/crtn.o
                0x080054ac                . = ALIGN (0x4)
                0x080054ac                _etext = .

.vfp11_veneer   0x080054ac        0x0
 .vfp11_veneer  0x080054ac        0x0 linker stubs

.v4_bx          0x080054ac        0x0
 .v4_bx         0x080054ac        0x0 linker stubs

.iplt           0x080054ac        0x0
 .iplt          0x080054ac        0x0 c:/gcc-arm-none-eabi/bin/../lib/gcc/arm-none-eabi/10.3.1/thumb/v7e-m+fp/hard/crtbegin.o

.rodata         0x080054ac       0x94
                0x080054ac                . = ALIGN (0x4)
 *(.rodata)
 .rodata        0x080054ac       0x4e build/main.o
 *(.rodata*)
 *fill*         0x080054fa        0x2 
 .rodata.AHBPrescTable
                0x080054fc       0x10 build/system_stm32f4xx.o
                0x080054fc                AHBPrescTable
 .rodata._svfprintf_r.str1.1
                0x0800550c       0x11 c:/gcc-arm-none-eabi/bin/../lib/gcc/arm-none-eabi/10.3.1/../../../../arm-none-eabi/lib/thumb/v7e-m+fp/hard\libc_nano.a(lib_a-nano-svfprintf.o)
 .rodata._printf_i.str1.1
                0x0800551d       0x22 c:/gcc-arm-none-eabi/bin/../lib/gcc/arm-none-eabi/10.3.1/../../../../arm-none-eabi/lib/thumb/v7e-m+fp/hard\libc_nano.a(lib_a-nano-vfprintf_i.o)
                0x08005540                . = ALIGN (0x4)
 *fill*         0x0800553f        0x1 

.ARM.extab
 *(.ARM.extab* .gnu.linkonce.armextab.*)

.ARM            0x08005540        0x8
                0x08005540                __exidx_start = .
 *(.ARM.exidx*)
 .ARM.exidx     0x08005540        0x8 c:/gcc-arm-none-eabi/bin/../lib/gcc/arm-none-eabi/10.3.1/thumb/v7e-m+fp/hard\libgcc.a(_udivmoddi4.o)
                0x08005548                __exidx_end = .

.rel.dyn        0x08005548        0x0
 .rel.iplt      0x08005548        0x0 c:/gcc-arm-none-eabi/bin/../lib/gcc/arm-none-eabi/10.3.1/thumb/v7e-m+fp/hard/crtbegin.o

.preinit_array  0x08005548        0x0
                0x08005548                PROVIDE (__preinit_array_start = .)
 *(.preinit_array*)
                0x08005548                PROVIDE (__preinit_array_end = .)

.init_array     0x08005548        0x4
                0x08005548                PROVIDE (__init_array_start = .)
 *(SORT_BY_NAME(.init_array.*))
 *(.init_array*)
 .init_array    0x08005548        0x4 c:/gcc-arm-none-eabi/bin/../lib/gcc/arm-none-eabi/10.3.1/thumb/v7e-m+fp/hard/crtbegin.o
                0x0800554c                PROVIDE (__init_array_end = .)

.fini_array     0x0800554c        0x4
                [!provide]                PROVIDE (__fini_array_start = .)
 *(SORT_BY_NAME(.fini_array.*))
 *(.fini_array*)
 .fini_array    0x0800554c        0x4 c:/gcc-arm-none-eabi/bin/../lib/gcc/arm-none-eabi/10.3.1/thumb/v7e-m+fp/hard/crtbegin.o
                [!provide]                PROVIDE (__fini_array_end = .)
                0x08005550                _sidata = LOADADDR (.data)

.data           0x20000000       0x78 load address 0x08005550
                0x20000000                . = ALIGN (0x4)
                0x20000000                _sdata = .
 *(.data)
 *(.data*)
 .data.pressAddr
                0x20000000        0x1 build/barometer.o
 .data.tempAddr
                0x20000001        0x1 build/barometer.o
 *fill*         0x20000002        0x2 
 .data.convDelay
                0x20000004        0x4 build/barometer.o
 .data.uwTickPrio
                0x20000008        0x4 build/stm32f4xx_hal.o
                0x20000008                uwTickPrio
 .data.uwTickFreq
                0x2000000c        0x1 build/stm32f4xx_hal.o
                0x2000000c                uwTickFreq
 *fill*         0x2000000d        0x3 
 .data.SystemCoreClock
                0x20000010        0x4 build/system_stm32f4xx.o
                0x20000010                SystemCoreClock
 .data._impure_ptr
                0x20000014        0x4 c:/gcc-arm-none-eabi/bin/../lib/gcc/arm-none-eabi/10.3.1/../../../../arm-none-eabi/lib/thumb/v7e-m+fp/hard\libc_nano.a(lib_a-impure.o)
                0x20000014                _impure_ptr
 .data.impure_data
                0x20000018       0x60 c:/gcc-arm-none-eabi/bin/../lib/gcc/arm-none-eabi/10.3.1/../../../../arm-none-eabi/lib/thumb/v7e-m+fp/hard\libc_nano.a(lib_a-impure.o)
                0x20000078                . = ALIGN (0x4)
                0x20000078                _edata = .
                0x080055c8                _siccmram = LOADADDR (.ccmram)

.igot.plt       0x20000078        0x0 load address 0x080055c8
 .igot.plt      0x20000078        0x0 c:/gcc-arm-none-eabi/bin/../lib/gcc/arm-none-eabi/10.3.1/thumb/v7e-m+fp/hard/crtbegin.o

.ccmram         0x10000000        0x0 load address 0x080055c8
                0x10000000                . = ALIGN (0x4)
                0x10000000                _sccmram = .
 *(.ccmram)
 *(.ccmram*)
                0x10000000                . = ALIGN (0x4)
                0x10000000                _eccmram = .
                0x10000000                . = ALIGN (0x4)

.bss            0x20000078       0xc4
                0x20000078                _sbss = .
                0x20000078                __bss_start__ = _sbss
 *(.bss)
 .bss           0x20000078       0x1c c:/gcc-arm-none-eabi/bin/../lib/gcc/arm-none-eabi/10.3.1/thumb/v7e-m+fp/hard/crtbegin.o
 *(.bss*)
 .bss.hspi1     0x20000094       0x58 build/main.o
                0x20000094                hspi1
 .bss.prom      0x200000ec        0xc build/barometer.o
 .bss.temperature
                0x200000f8        0x4 build/barometer.o
 .bss.pressure  0x200000fc        0x4 build/barometer.o
 .bss.altitude  0x20000100        0x4 build/barometer.o
 .bss.HSPI      0x20000104        0x4 build/MPU9250.o
                0x20000104                HSPI
 .bss._buffer   0x20000108       0x15 build/MPU9250.o
 *fill*         0x2000011d        0x3 
 .bss._mag_adjust
                0x20000120        0x3 build/MPU9250.o
 *fill*         0x20000123        0x1 
 .bss.uwTick    0x20000124        0x4 build/stm32f4xx_hal.o
                0x20000124                uwTick
 .bss.__malloc_free_list
                0x20000128        0x4 c:/gcc-arm-none-eabi/bin/../lib/gcc/arm-none-eabi/10.3.1/../../../../arm-none-eabi/lib/thumb/v7e-m+fp/hard\libc_nano.a(lib_a-nano-mallocr.o)
                0x20000128                __malloc_free_list
 .bss.__malloc_sbrk_start
                0x2000012c        0x4 c:/gcc-arm-none-eabi/bin/../lib/gcc/arm-none-eabi/10.3.1/../../../../arm-none-eabi/lib/thumb/v7e-m+fp/hard\libc_nano.a(lib_a-nano-mallocr.o)
                0x2000012c                __malloc_sbrk_start
 .bss.errno     0x20000130        0x4 c:/gcc-arm-none-eabi/bin/../lib/gcc/arm-none-eabi/10.3.1/../../../../arm-none-eabi/lib/thumb/v7e-m+fp/hard\libc_nano.a(lib_a-reent.o)
                0x20000130                errno
 .bss.__lock___malloc_recursive_mutex
                0x20000134        0x1 c:/gcc-arm-none-eabi/bin/../lib/gcc/arm-none-eabi/10.3.1/../../../../arm-none-eabi/lib/thumb/v7e-m+fp/hard\libc_nano.a(lib_a-lock.o)
                0x20000134                __lock___malloc_recursive_mutex
 *fill*         0x20000135        0x3 
 .bss.heap_end.0
                0x20000138        0x4 c:/gcc-arm-none-eabi/bin/../lib/gcc/arm-none-eabi/10.3.1/../../../../arm-none-eabi/lib/thumb/v7e-m+fp/hard\libnosys.a(sbrk.o)
 *(COMMON)
                0x2000013c                . = ALIGN (0x4)
                0x2000013c                _ebss = .
                0x2000013c                __bss_end__ = _ebss

._user_heap_stack
                0x2000013c      0x604
                0x20000140                . = ALIGN (0x8)
 *fill*         0x2000013c        0x4 
                0x20000140                PROVIDE (end = .)
                [!provide]                PROVIDE (_end = .)
                0x20000340                . = (. + _Min_Heap_Size)
 *fill*         0x20000140      0x200 
                0x20000740                . = (. + _Min_Stack_Size)
 *fill*         0x20000340      0x400 
                0x20000740                . = ALIGN (0x8)

/DISCARD/
 libc.a(*)
 libm.a(*)
 libgcc.a(*)

.ARM.attributes
                0x00000000       0x30
 *(.ARM.attributes)
 .ARM.attributes
                0x00000000       0x1e c:/gcc-arm-none-eabi/bin/../lib/gcc/arm-none-eabi/10.3.1/thumb/v7e-m+fp/hard/crti.o
 .ARM.attributes
                0x0000001e       0x34 c:/gcc-arm-none-eabi/bin/../lib/gcc/arm-none-eabi/10.3.1/thumb/v7e-m+fp/hard/crtbegin.o
 .ARM.attributes
                0x00000052       0x34 build/main.o
 .ARM.attributes
                0x00000086       0x34 build/barometer.o
 .ARM.attributes
                0x000000ba       0x34 build/MPU9250.o
 .ARM.attributes
                0x000000ee       0x34 build/stm32f4xx_it.o
 .ARM.attributes
                0x00000122       0x34 build/stm32f4xx_hal_msp.o
 .ARM.attributes
                0x00000156       0x34 build/stm32f4xx_hal_spi.o
 .ARM.attributes
                0x0000018a       0x34 build/stm32f4xx_hal_rcc.o
 .ARM.attributes
                0x000001be       0x34 build/stm32f4xx_hal_gpio.o
 .ARM.attributes
                0x000001f2       0x34 build/stm32f4xx_hal_cortex.o
 .ARM.attributes
                0x00000226       0x34 build/stm32f4xx_hal.o
 .ARM.attributes
                0x0000025a       0x34 build/system_stm32f4xx.o
 .ARM.attributes
                0x0000028e       0x21 build/startup_stm32f427xx.o
 .ARM.attributes
                0x000002af       0x34 c:/gcc-arm-none-eabi/bin/../lib/gcc/arm-none-eabi/10.3.1/../../../../arm-none-eabi/lib/thumb/v7e-m+fp/hard\libc_nano.a(lib_a-impure.o)
 .ARM.attributes
                0x000002e3       0x34 c:/gcc-arm-none-eabi/bin/../lib/gcc/arm-none-eabi/10.3.1/../../../../arm-none-eabi/lib/thumb/v7e-m+fp/hard\libc_nano.a(lib_a-init.o)
 .ARM.attributes
                0x00000317       0x34 c:/gcc-arm-none-eabi/bin/../lib/gcc/arm-none-eabi/10.3.1/../../../../arm-none-eabi/lib/thumb/v7e-m+fp/hard\libc_nano.a(lib_a-memset.o)
 .ARM.attributes
                0x0000034b       0x34 c:/gcc-arm-none-eabi/bin/../lib/gcc/arm-none-eabi/10.3.1/../../../../arm-none-eabi/lib/thumb/v7e-m+fp/hard\libc_nano.a(lib_a-sprintf.o)
 .ARM.attributes
                0x0000037f       0x34 c:/gcc-arm-none-eabi/bin/../lib/gcc/arm-none-eabi/10.3.1/../../../../arm-none-eabi/lib/thumb/v7e-m+fp/hard\libc_nano.a(lib_a-nano-svfprintf.o)
 .ARM.attributes
                0x000003b3       0x34 c:/gcc-arm-none-eabi/bin/../lib/gcc/arm-none-eabi/10.3.1/../../../../arm-none-eabi/lib/thumb/v7e-m+fp/hard\libc_nano.a(lib_a-nano-vfprintf_i.o)
 .ARM.attributes
                0x000003e7       0x1c c:/gcc-arm-none-eabi/bin/../lib/gcc/arm-none-eabi/10.3.1/../../../../arm-none-eabi/lib/thumb/v7e-m+fp/hard\libc_nano.a(lib_a-memchr.o)
 .ARM.attributes
                0x00000403       0x34 c:/gcc-arm-none-eabi/bin/../lib/gcc/arm-none-eabi/10.3.1/../../../../arm-none-eabi/lib/thumb/v7e-m+fp/hard\libc_nano.a(lib_a-memcpy-stub.o)
 .ARM.attributes
                0x00000437       0x34 c:/gcc-arm-none-eabi/bin/../lib/gcc/arm-none-eabi/10.3.1/../../../../arm-none-eabi/lib/thumb/v7e-m+fp/hard\libc_nano.a(lib_a-memmove.o)
 .ARM.attributes
                0x0000046b       0x34 c:/gcc-arm-none-eabi/bin/../lib/gcc/arm-none-eabi/10.3.1/../../../../arm-none-eabi/lib/thumb/v7e-m+fp/hard\libc_nano.a(lib_a-nano-freer.o)
 .ARM.attributes
                0x0000049f       0x34 c:/gcc-arm-none-eabi/bin/../lib/gcc/arm-none-eabi/10.3.1/../../../../arm-none-eabi/lib/thumb/v7e-m+fp/hard\libc_nano.a(lib_a-nano-mallocr.o)
 .ARM.attributes
                0x000004d3       0x34 c:/gcc-arm-none-eabi/bin/../lib/gcc/arm-none-eabi/10.3.1/../../../../arm-none-eabi/lib/thumb/v7e-m+fp/hard\libc_nano.a(lib_a-nano-reallocr.o)
 .ARM.attributes
                0x00000507       0x34 c:/gcc-arm-none-eabi/bin/../lib/gcc/arm-none-eabi/10.3.1/../../../../arm-none-eabi/lib/thumb/v7e-m+fp/hard\libc_nano.a(lib_a-sbrkr.o)
 .ARM.attributes
                0x0000053b       0x34 c:/gcc-arm-none-eabi/bin/../lib/gcc/arm-none-eabi/10.3.1/../../../../arm-none-eabi/lib/thumb/v7e-m+fp/hard\libc_nano.a(lib_a-mlock.o)
 .ARM.attributes
                0x0000056f       0x34 c:/gcc-arm-none-eabi/bin/../lib/gcc/arm-none-eabi/10.3.1/../../../../arm-none-eabi/lib/thumb/v7e-m+fp/hard\libc_nano.a(lib_a-nano-msizer.o)
 .ARM.attributes
                0x000005a3       0x34 c:/gcc-arm-none-eabi/bin/../lib/gcc/arm-none-eabi/10.3.1/../../../../arm-none-eabi/lib/thumb/v7e-m+fp/hard\libc_nano.a(lib_a-reent.o)
 .ARM.attributes
                0x000005d7       0x34 c:/gcc-arm-none-eabi/bin/../lib/gcc/arm-none-eabi/10.3.1/../../../../arm-none-eabi/lib/thumb/v7e-m+fp/hard\libc_nano.a(lib_a-lock.o)
 .ARM.attributes
                0x0000060b       0x34 c:/gcc-arm-none-eabi/bin/../lib/gcc/arm-none-eabi/10.3.1/../../../../arm-none-eabi/lib/thumb/v7e-m+fp/hard\libm.a(lib_a-w_pow.o)
 .ARM.attributes
                0x0000063f       0x34 c:/gcc-arm-none-eabi/bin/../lib/gcc/arm-none-eabi/10.3.1/../../../../arm-none-eabi/lib/thumb/v7e-m+fp/hard\libm.a(lib_a-e_pow.o)
 .ARM.attributes
                0x00000673       0x34 c:/gcc-arm-none-eabi/bin/../lib/gcc/arm-none-eabi/10.3.1/../../../../arm-none-eabi/lib/thumb/v7e-m+fp/hard\libm.a(lib_a-e_sqrt.o)
 .ARM.attributes
                0x000006a7       0x34 c:/gcc-arm-none-eabi/bin/../lib/gcc/arm-none-eabi/10.3.1/../../../../arm-none-eabi/lib/thumb/v7e-m+fp/hard\libm.a(lib_a-math_err.o)
 .ARM.attributes
                0x000006db       0x34 c:/gcc-arm-none-eabi/bin/../lib/gcc/arm-none-eabi/10.3.1/../../../../arm-none-eabi/lib/thumb/v7e-m+fp/hard\libm.a(lib_a-s_fabs.o)
 .ARM.attributes
                0x0000070f       0x34 c:/gcc-arm-none-eabi/bin/../lib/gcc/arm-none-eabi/10.3.1/../../../../arm-none-eabi/lib/thumb/v7e-m+fp/hard\libm.a(lib_a-s_finite.o)
 .ARM.attributes
                0x00000743       0x34 c:/gcc-arm-none-eabi/bin/../lib/gcc/arm-none-eabi/10.3.1/../../../../arm-none-eabi/lib/thumb/v7e-m+fp/hard\libm.a(lib_a-s_scalbn.o)
 .ARM.attributes
                0x00000777       0x34 c:/gcc-arm-none-eabi/bin/../lib/gcc/arm-none-eabi/10.3.1/../../../../arm-none-eabi/lib/thumb/v7e-m+fp/hard\libnosys.a(sbrk.o)
 .ARM.attributes
                0x000007ab       0x1e c:/gcc-arm-none-eabi/bin/../lib/gcc/arm-none-eabi/10.3.1/thumb/v7e-m+fp/hard\libgcc.a(_arm_addsubdf3.o)
 .ARM.attributes
                0x000007c9       0x1e c:/gcc-arm-none-eabi/bin/../lib/gcc/arm-none-eabi/10.3.1/thumb/v7e-m+fp/hard\libgcc.a(_arm_muldivdf3.o)
 .ARM.attributes
                0x000007e7       0x1e c:/gcc-arm-none-eabi/bin/../lib/gcc/arm-none-eabi/10.3.1/thumb/v7e-m+fp/hard\libgcc.a(_arm_cmpdf2.o)
 .ARM.attributes
                0x00000805       0x1e c:/gcc-arm-none-eabi/bin/../lib/gcc/arm-none-eabi/10.3.1/thumb/v7e-m+fp/hard\libgcc.a(_arm_unorddf2.o)
 .ARM.attributes
                0x00000823       0x1e c:/gcc-arm-none-eabi/bin/../lib/gcc/arm-none-eabi/10.3.1/thumb/v7e-m+fp/hard\libgcc.a(_arm_truncdfsf2.o)
 .ARM.attributes
                0x00000841       0x1e c:/gcc-arm-none-eabi/bin/../lib/gcc/arm-none-eabi/10.3.1/thumb/v7e-m+fp/hard\libgcc.a(_aeabi_uldivmod.o)
 .ARM.attributes
                0x0000085f       0x34 c:/gcc-arm-none-eabi/bin/../lib/gcc/arm-none-eabi/10.3.1/thumb/v7e-m+fp/hard\libgcc.a(_udivmoddi4.o)
 .ARM.attributes
                0x00000893       0x1e c:/gcc-arm-none-eabi/bin/../lib/gcc/arm-none-eabi/10.3.1/thumb/v7e-m+fp/hard\libgcc.a(_dvmd_tls.o)
 .ARM.attributes
                0x000008b1       0x34 c:/gcc-arm-none-eabi/bin/../lib/gcc/arm-none-eabi/10.3.1/../../../../arm-none-eabi/lib/thumb/v7e-m+fp/hard\libc_nano.a(lib_a-errno.o)
 .ARM.attributes
                0x000008e5       0x1e c:/gcc-arm-none-eabi/bin/../lib/gcc/arm-none-eabi/10.3.1/thumb/v7e-m+fp/hard/crtn.o
OUTPUT(build/sensortest.elf elf32-littlearm)
LOAD linker stubs
LOAD c:/gcc-arm-none-eabi/bin/../lib/gcc/arm-none-eabi/10.3.1/../../../../arm-none-eabi/lib/thumb/v7e-m+fp/hard\libc.a
LOAD c:/gcc-arm-none-eabi/bin/../lib/gcc/arm-none-eabi/10.3.1/../../../../arm-none-eabi/lib/thumb/v7e-m+fp/hard\libm.a
LOAD c:/gcc-arm-none-eabi/bin/../lib/gcc/arm-none-eabi/10.3.1/thumb/v7e-m+fp/hard\libgcc.a

.debug_info     0x00000000     0x84f4
 .debug_info    0x00000000     0x10e8 build/main.o
 .debug_info    0x000010e8      0xb67 build/barometer.o
 .debug_info    0x00001c4f     0x124a build/MPU9250.o
 .debug_info    0x00002e99      0x146 build/stm32f4xx_it.o
 .debug_info    0x00002fdf      0xa8f build/stm32f4xx_hal_msp.o
 .debug_info    0x00003a6e     0x187b build/stm32f4xx_hal_spi.o
 .debug_info    0x000052e9      0xa21 build/stm32f4xx_hal_rcc.o
 .debug_info    0x00005d0a      0x824 build/stm32f4xx_hal_gpio.o
 .debug_info    0x0000652e      0xf56 build/stm32f4xx_hal_cortex.o
 .debug_info    0x00007484      0xa90 build/stm32f4xx_hal.o
 .debug_info    0x00007f14      0x5be build/system_stm32f4xx.o
 .debug_info    0x000084d2       0x22 build/startup_stm32f427xx.o

.debug_abbrev   0x00000000     0x1572
 .debug_abbrev  0x00000000      0x291 build/main.o
 .debug_abbrev  0x00000291      0x268 build/barometer.o
 .debug_abbrev  0x000004f9      0x243 build/MPU9250.o
 .debug_abbrev  0x0000073c       0x60 build/stm32f4xx_it.o
 .debug_abbrev  0x0000079c      0x17e build/stm32f4xx_hal_msp.o
 .debug_abbrev  0x0000091a      0x241 build/stm32f4xx_hal_spi.o
 .debug_abbrev  0x00000b5b      0x261 build/stm32f4xx_hal_rcc.o
 .debug_abbrev  0x00000dbc      0x1c3 build/stm32f4xx_hal_gpio.o
 .debug_abbrev  0x00000f7f      0x2f3 build/stm32f4xx_hal_cortex.o
 .debug_abbrev  0x00001272      0x1d9 build/stm32f4xx_hal.o
 .debug_abbrev  0x0000144b      0x115 build/system_stm32f4xx.o
 .debug_abbrev  0x00001560       0x12 build/startup_stm32f427xx.o

.debug_loc      0x00000000     0x3874
 .debug_loc     0x00000000      0x230 build/main.o
 .debug_loc     0x00000230      0x386 build/barometer.o
 .debug_loc     0x000005b6      0x504 build/MPU9250.o
 .debug_loc     0x00000aba      0x1d4 build/stm32f4xx_it.o
 .debug_loc     0x00000c8e       0xfc build/stm32f4xx_hal_msp.o
 .debug_loc     0x00000d8a     0x1208 build/stm32f4xx_hal_spi.o
 .debug_loc     0x00001f92      0x3d2 build/stm32f4xx_hal_rcc.o
 .debug_loc     0x00002364      0x2d4 build/stm32f4xx_hal_gpio.o
 .debug_loc     0x00002638      0x9f4 build/stm32f4xx_hal_cortex.o
 .debug_loc     0x0000302c      0x7a8 build/stm32f4xx_hal.o
 .debug_loc     0x000037d4       0xa0 build/system_stm32f4xx.o

.debug_aranges  0x00000000      0x720
 .debug_aranges
                0x00000000       0x58 build/main.o
 .debug_aranges
                0x00000058       0x78 build/barometer.o
 .debug_aranges
                0x000000d0       0xa8 build/MPU9250.o
 .debug_aranges
                0x00000178       0x60 build/stm32f4xx_it.o
 .debug_aranges
                0x000001d8       0x30 build/stm32f4xx_hal_msp.o
 .debug_aranges
                0x00000208      0x1d0 build/stm32f4xx_hal_spi.o
 .debug_aranges
                0x000003d8       0x88 build/stm32f4xx_hal_rcc.o
 .debug_aranges
                0x00000460       0x58 build/stm32f4xx_hal_gpio.o
 .debug_aranges
                0x000004b8      0x118 build/stm32f4xx_hal_cortex.o
 .debug_aranges
                0x000005d0      0x100 build/stm32f4xx_hal.o
 .debug_aranges
                0x000006d0       0x28 build/system_stm32f4xx.o
 .debug_aranges
                0x000006f8       0x28 build/startup_stm32f427xx.o

.debug_ranges   0x00000000      0x668
 .debug_ranges  0x00000000       0x48 build/main.o
 .debug_ranges  0x00000048       0x68 build/barometer.o
 .debug_ranges  0x000000b0       0x98 build/MPU9250.o
 .debug_ranges  0x00000148       0x50 build/stm32f4xx_it.o
 .debug_ranges  0x00000198       0x20 build/stm32f4xx_hal_msp.o
 .debug_ranges  0x000001b8      0x1c0 build/stm32f4xx_hal_spi.o
 .debug_ranges  0x00000378       0x78 build/stm32f4xx_hal_rcc.o
 .debug_ranges  0x000003f0       0x48 build/stm32f4xx_hal_gpio.o
 .debug_ranges  0x00000438      0x108 build/stm32f4xx_hal_cortex.o
 .debug_ranges  0x00000540       0xf0 build/stm32f4xx_hal.o
 .debug_ranges  0x00000630       0x18 build/system_stm32f4xx.o
 .debug_ranges  0x00000648       0x20 build/startup_stm32f427xx.o

.debug_line     0x00000000     0x4369
 .debug_line    0x00000000      0x41d build/main.o
 .debug_line    0x0000041d      0x40f build/barometer.o
 .debug_line    0x0000082c      0x4b6 build/MPU9250.o
 .debug_line    0x00000ce2      0x106 build/stm32f4xx_it.o
 .debug_line    0x00000de8      0x1de build/stm32f4xx_hal_msp.o
 .debug_line    0x00000fc6     0x171a build/stm32f4xx_hal_spi.o
 .debug_line    0x000026e0      0x83a build/stm32f4xx_hal_rcc.o
 .debug_line    0x00002f1a      0x600 build/stm32f4xx_hal_gpio.o
 .debug_line    0x0000351a      0x731 build/stm32f4xx_hal_cortex.o
 .debug_line    0x00003c4b      0x4cf build/stm32f4xx_hal.o
 .debug_line    0x0000411a      0x1d9 build/system_stm32f4xx.o
 .debug_line    0x000042f3       0x76 build/startup_stm32f427xx.o

.debug_str      0x00000000     0x29bb
 .debug_str     0x00000000      0x92b build/main.o
                                0x9ec (size before relaxing)
 .debug_str     0x0000092b      0x195 build/barometer.o
                                0x7ea (size before relaxing)
 .debug_str     0x00000ac0      0x79f build/MPU9250.o
                                0xe4c (size before relaxing)
 .debug_str     0x0000125f       0xa8 build/stm32f4xx_it.o
                                0x204 (size before relaxing)
 .debug_str     0x00001307       0x4b build/stm32f4xx_hal_msp.o
                                0x78c (size before relaxing)
 .debug_str     0x00001352      0x56a build/stm32f4xx_hal_spi.o
                                0xb9f (size before relaxing)
 .debug_str     0x000018bc      0x206 build/stm32f4xx_hal_rcc.o
                                0x6c2 (size before relaxing)
 .debug_str     0x00001ac2      0x150 build/stm32f4xx_hal_gpio.o
                                0x4d4 (size before relaxing)
 .debug_str     0x00001c12      0xa36 build/stm32f4xx_hal_cortex.o
                                0xc5a (size before relaxing)
 .debug_str     0x00002648      0x308 build/stm32f4xx_hal.o
                                0xb91 (size before relaxing)
 .debug_str     0x00002950       0x47 build/system_stm32f4xx.o
                                0x369 (size before relaxing)
 .debug_str     0x00002997       0x24 build/startup_stm32f427xx.o
                                 0x4b (size before relaxing)

.comment        0x00000000       0x49
 .comment       0x00000000       0x49 build/main.o
                                 0x4a (size before relaxing)
 .comment       0x00000049       0x4a build/barometer.o
 .comment       0x00000049       0x4a build/MPU9250.o
 .comment       0x00000049       0x4a build/stm32f4xx_it.o
 .comment       0x00000049       0x4a build/stm32f4xx_hal_msp.o
 .comment       0x00000049       0x4a build/stm32f4xx_hal_spi.o
 .comment       0x00000049       0x4a build/stm32f4xx_hal_rcc.o
 .comment       0x00000049       0x4a build/stm32f4xx_hal_gpio.o
 .comment       0x00000049       0x4a build/stm32f4xx_hal_cortex.o
 .comment       0x00000049       0x4a build/stm32f4xx_hal.o
 .comment       0x00000049       0x4a build/system_stm32f4xx.o

.debug_frame    0x00000000     0x2504
 .debug_frame   0x00000000      0x124 build/main.o
 .debug_frame   0x00000124      0x1c4 build/barometer.o
 .debug_frame   0x000002e8      0x274 build/MPU9250.o
 .debug_frame   0x0000055c      0x104 build/stm32f4xx_it.o
 .debug_frame   0x00000660       0x80 build/stm32f4xx_hal_msp.o
 .debug_frame   0x000006e0      0x824 build/stm32f4xx_hal_spi.o
 .debug_frame   0x00000f04      0x1f4 build/stm32f4xx_hal_rcc.o
 .debug_frame   0x000010f8      0x14c build/stm32f4xx_hal_gpio.o
 .debug_frame   0x00001244      0x498 build/stm32f4xx_hal_cortex.o
 .debug_frame   0x000016dc      0x3b4 build/stm32f4xx_hal.o
 .debug_frame   0x00001a90       0x58 build/system_stm32f4xx.o
 .debug_frame   0x00001ae8       0x2c c:/gcc-arm-none-eabi/bin/../lib/gcc/arm-none-eabi/10.3.1/../../../../arm-none-eabi/lib/thumb/v7e-m+fp/hard\libc_nano.a(lib_a-init.o)
 .debug_frame   0x00001b14       0x20 c:/gcc-arm-none-eabi/bin/../lib/gcc/arm-none-eabi/10.3.1/../../../../arm-none-eabi/lib/thumb/v7e-m+fp/hard\libc_nano.a(lib_a-memset.o)
 .debug_frame   0x00001b34       0x6c c:/gcc-arm-none-eabi/bin/../lib/gcc/arm-none-eabi/10.3.1/../../../../arm-none-eabi/lib/thumb/v7e-m+fp/hard\libc_nano.a(lib_a-sprintf.o)
 .debug_frame   0x00001ba0       0x90 c:/gcc-arm-none-eabi/bin/../lib/gcc/arm-none-eabi/10.3.1/../../../../arm-none-eabi/lib/thumb/v7e-m+fp/hard\libc_nano.a(lib_a-nano-svfprintf.o)
 .debug_frame   0x00001c30       0x60 c:/gcc-arm-none-eabi/bin/../lib/gcc/arm-none-eabi/10.3.1/../../../../arm-none-eabi/lib/thumb/v7e-m+fp/hard\libc_nano.a(lib_a-nano-vfprintf_i.o)
 .debug_frame   0x00001c90       0x28 c:/gcc-arm-none-eabi/bin/../lib/gcc/arm-none-eabi/10.3.1/../../../../arm-none-eabi/lib/thumb/v7e-m+fp/hard\libc_nano.a(lib_a-memcpy-stub.o)
 .debug_frame   0x00001cb8       0x28 c:/gcc-arm-none-eabi/bin/../lib/gcc/arm-none-eabi/10.3.1/../../../../arm-none-eabi/lib/thumb/v7e-m+fp/hard\libc_nano.a(lib_a-memmove.o)
 .debug_frame   0x00001ce0       0x38 c:/gcc-arm-none-eabi/bin/../lib/gcc/arm-none-eabi/10.3.1/../../../../arm-none-eabi/lib/thumb/v7e-m+fp/hard\libc_nano.a(lib_a-nano-freer.o)
 .debug_frame   0x00001d18       0x4c c:/gcc-arm-none-eabi/bin/../lib/gcc/arm-none-eabi/10.3.1/../../../../arm-none-eabi/lib/thumb/v7e-m+fp/hard\libc_nano.a(lib_a-nano-mallocr.o)
 .debug_frame   0x00001d64       0x3c c:/gcc-arm-none-eabi/bin/../lib/gcc/arm-none-eabi/10.3.1/../../../../arm-none-eabi/lib/thumb/v7e-m+fp/hard\libc_nano.a(lib_a-nano-reallocr.o)
 .debug_frame   0x00001da0       0x2c c:/gcc-arm-none-eabi/bin/../lib/gcc/arm-none-eabi/10.3.1/../../../../arm-none-eabi/lib/thumb/v7e-m+fp/hard\libc_nano.a(lib_a-sbrkr.o)
 .debug_frame   0x00001dcc       0x30 c:/gcc-arm-none-eabi/bin/../lib/gcc/arm-none-eabi/10.3.1/../../../../arm-none-eabi/lib/thumb/v7e-m+fp/hard\libc_nano.a(lib_a-mlock.o)
 .debug_frame   0x00001dfc       0x20 c:/gcc-arm-none-eabi/bin/../lib/gcc/arm-none-eabi/10.3.1/../../../../arm-none-eabi/lib/thumb/v7e-m+fp/hard\libc_nano.a(lib_a-nano-msizer.o)
 .debug_frame   0x00001e1c       0x5c c:/gcc-arm-none-eabi/bin/../lib/gcc/arm-none-eabi/10.3.1/../../../../arm-none-eabi/lib/thumb/v7e-m+fp/hard\libc_nano.a(lib_a-reent.o)
 .debug_frame   0x00001e78       0xb0 c:/gcc-arm-none-eabi/bin/../lib/gcc/arm-none-eabi/10.3.1/../../../../arm-none-eabi/lib/thumb/v7e-m+fp/hard\libc_nano.a(lib_a-lock.o)
 .debug_frame   0x00001f28       0x44 c:/gcc-arm-none-eabi/bin/../lib/gcc/arm-none-eabi/10.3.1/../../../../arm-none-eabi/lib/thumb/v7e-m+fp/hard\libm.a(lib_a-w_pow.o)
 .debug_frame   0x00001f6c      0x12c c:/gcc-arm-none-eabi/bin/../lib/gcc/arm-none-eabi/10.3.1/../../../../arm-none-eabi/lib/thumb/v7e-m+fp/hard\libm.a(lib_a-e_pow.o)
 .debug_frame   0x00002098       0x30 c:/gcc-arm-none-eabi/bin/../lib/gcc/arm-none-eabi/10.3.1/../../../../arm-none-eabi/lib/thumb/v7e-m+fp/hard\libm.a(lib_a-e_sqrt.o)
 .debug_frame   0x000020c8      0x124 c:/gcc-arm-none-eabi/bin/../lib/gcc/arm-none-eabi/10.3.1/../../../../arm-none-eabi/lib/thumb/v7e-m+fp/hard\libm.a(lib_a-math_err.o)
 .debug_frame   0x000021ec       0x20 c:/gcc-arm-none-eabi/bin/../lib/gcc/arm-none-eabi/10.3.1/../../../../arm-none-eabi/lib/thumb/v7e-m+fp/hard\libm.a(lib_a-s_fabs.o)
 .debug_frame   0x0000220c       0x28 c:/gcc-arm-none-eabi/bin/../lib/gcc/arm-none-eabi/10.3.1/../../../../arm-none-eabi/lib/thumb/v7e-m+fp/hard\libm.a(lib_a-s_finite.o)
 .debug_frame   0x00002234       0x2c c:/gcc-arm-none-eabi/bin/../lib/gcc/arm-none-eabi/10.3.1/../../../../arm-none-eabi/lib/thumb/v7e-m+fp/hard\libm.a(lib_a-s_scalbn.o)
 .debug_frame   0x00002260       0x20 c:/gcc-arm-none-eabi/bin/../lib/gcc/arm-none-eabi/10.3.1/../../../../arm-none-eabi/lib/thumb/v7e-m+fp/hard\libnosys.a(sbrk.o)
 .debug_frame   0x00002280       0xac c:/gcc-arm-none-eabi/bin/../lib/gcc/arm-none-eabi/10.3.1/thumb/v7e-m+fp/hard\libgcc.a(_arm_addsubdf3.o)
 .debug_frame   0x0000232c       0x50 c:/gcc-arm-none-eabi/bin/../lib/gcc/arm-none-eabi/10.3.1/thumb/v7e-m+fp/hard\libgcc.a(_arm_muldivdf3.o)
 .debug_frame   0x0000237c       0xc4 c:/gcc-arm-none-eabi/bin/../lib/gcc/arm-none-eabi/10.3.1/thumb/v7e-m+fp/hard\libgcc.a(_arm_cmpdf2.o)
 .debug_frame   0x00002440       0x20 c:/gcc-arm-none-eabi/bin/../lib/gcc/arm-none-eabi/10.3.1/thumb/v7e-m+fp/hard\libgcc.a(_arm_unorddf2.o)
 .debug_frame   0x00002460       0x24 c:/gcc-arm-none-eabi/bin/../lib/gcc/arm-none-eabi/10.3.1/thumb/v7e-m+fp/hard\libgcc.a(_arm_truncdfsf2.o)
 .debug_frame   0x00002484       0x2c c:/gcc-arm-none-eabi/bin/../lib/gcc/arm-none-eabi/10.3.1/thumb/v7e-m+fp/hard\libgcc.a(_aeabi_uldivmod.o)
 .debug_frame   0x000024b0       0x34 c:/gcc-arm-none-eabi/bin/../lib/gcc/arm-none-eabi/10.3.1/thumb/v7e-m+fp/hard\libgcc.a(_udivmoddi4.o)
 .debug_frame   0x000024e4       0x20 c:/gcc-arm-none-eabi/bin/../lib/gcc/arm-none-eabi/10.3.1/../../../../arm-none-eabi/lib/thumb/v7e-m+fp/hard\libc_nano.a(lib_a-errno.o)

Cross Reference Table

Symbol                                            File
ACCEL_CONFIG                                      build/MPU9250.o
ACCEL_CONFIG2                                     build/MPU9250.o
ACCEL_FS_SEL_16G                                  build/MPU9250.o
ACCEL_FS_SEL_2G                                   build/MPU9250.o
ACCEL_FS_SEL_4G                                   build/MPU9250.o
ACCEL_FS_SEL_8G                                   build/MPU9250.o
ACCEL_INTEL_EN                                    build/MPU9250.o
ACCEL_INTEL_MODE                                  build/MPU9250.o
ACCEL_OUT                                         build/MPU9250.o
ADC_IRQHandler                                    build/startup_stm32f427xx.o
AHBPrescTable                                     build/system_stm32f4xx.o
                                                  build/stm32f4xx_hal_rcc.o
AK8963_ASA                                        build/MPU9250.o
AK8963_CNTL1                                      build/MPU9250.o
AK8963_CNTL2                                      build/MPU9250.o
AK8963_CNT_MEAS1                                  build/MPU9250.o
AK8963_CNT_MEAS2                                  build/MPU9250.o
AK8963_FUSE_ROM                                   build/MPU9250.o
AK8963_HXL                                        build/MPU9250.o
AK8963_I2C_ADDR                                   build/MPU9250.o
AK8963_PWR_DOWN                                   build/MPU9250.o
AK8963_RESET                                      build/MPU9250.o
AK8963_WHO_AM_I                                   build/MPU9250.o
APBPrescTable                                     build/system_stm32f4xx.o
                                                  build/stm32f4xx_hal_rcc.o
Barometer_calculate                               build/barometer.o
Barometer_getAltitude                             build/barometer.o
Barometer_getPressure                             build/barometer.o
                                                  build/main.o
Barometer_getTemp                                 build/barometer.o
                                                  build/main.o
Barometer_init                                    build/barometer.o
                                                  build/main.o
Barometer_setOSR                                  build/barometer.o
BusFault_Handler                                  build/stm32f4xx_it.o
CAN1_RX0_IRQHandler                               build/startup_stm32f427xx.o
CAN1_RX1_IRQHandler                               build/startup_stm32f427xx.o
CAN1_SCE_IRQHandler                               build/startup_stm32f427xx.o
CAN1_TX_IRQHandler                                build/startup_stm32f427xx.o
CAN2_RX0_IRQHandler                               build/startup_stm32f427xx.o
CAN2_RX1_IRQHandler                               build/startup_stm32f427xx.o
CAN2_SCE_IRQHandler                               build/startup_stm32f427xx.o
CAN2_TX_IRQHandler                                build/startup_stm32f427xx.o
CLOCK_SEL_PLL                                     build/MPU9250.o
CONFIG                                            build/MPU9250.o
DCMI_IRQHandler                                   build/startup_stm32f427xx.o
DIS_GYRO                                          build/MPU9250.o
DLPF_10                                           build/MPU9250.o
DLPF_184                                          build/MPU9250.o
DLPF_20                                           build/MPU9250.o
DLPF_41                                           build/MPU9250.o
DLPF_5                                            build/MPU9250.o
DLPF_92                                           build/MPU9250.o
DMA1_Stream0_IRQHandler                           build/startup_stm32f427xx.o
DMA1_Stream1_IRQHandler                           build/startup_stm32f427xx.o
DMA1_Stream2_IRQHandler                           build/startup_stm32f427xx.o
DMA1_Stream3_IRQHandler                           build/startup_stm32f427xx.o
DMA1_Stream4_IRQHandler                           build/startup_stm32f427xx.o
DMA1_Stream5_IRQHandler                           build/startup_stm32f427xx.o
DMA1_Stream6_IRQHandler                           build/startup_stm32f427xx.o
DMA1_Stream7_IRQHandler                           build/startup_stm32f427xx.o
DMA2D_IRQHandler                                  build/startup_stm32f427xx.o
DMA2_Stream0_IRQHandler                           build/startup_stm32f427xx.o
DMA2_Stream1_IRQHandler                           build/startup_stm32f427xx.o
DMA2_Stream2_IRQHandler                           build/startup_stm32f427xx.o
DMA2_Stream3_IRQHandler                           build/startup_stm32f427xx.o
DMA2_Stream4_IRQHandler                           build/startup_stm32f427xx.o
DMA2_Stream5_IRQHandler                           build/startup_stm32f427xx.o
DMA2_Stream6_IRQHandler                           build/startup_stm32f427xx.o
DMA2_Stream7_IRQHandler                           build/startup_stm32f427xx.o
DUMMY_BYTE                                        build/MPU9250.o
DebugMon_Handler                                  build/stm32f4xx_it.o
Default_Handler                                   build/startup_stm32f427xx.o
ETH_IRQHandler                                    build/startup_stm32f427xx.o
ETH_WKUP_IRQHandler                               build/startup_stm32f427xx.o
EXTI0_IRQHandler                                  build/startup_stm32f427xx.o
EXTI15_10_IRQHandler                              build/startup_stm32f427xx.o
EXTI1_IRQHandler                                  build/startup_stm32f427xx.o
EXTI2_IRQHandler                                  build/startup_stm32f427xx.o
EXTI3_IRQHandler                                  build/startup_stm32f427xx.o
EXTI4_IRQHandler                                  build/startup_stm32f427xx.o
EXTI9_5_IRQHandler                                build/startup_stm32f427xx.o
EXT_SENS_DATA_00                                  build/MPU9250.o
Error_Handler                                     build/main.o
FIFO_ACCEL                                        build/MPU9250.o
FIFO_COUNT                                        build/MPU9250.o
FIFO_EN                                           build/MPU9250.o
FIFO_GYRO                                         build/MPU9250.o
FIFO_MAG                                          build/MPU9250.o
FIFO_READ                                         build/MPU9250.o
FIFO_TEMP                                         build/MPU9250.o
FLASH_Erase_Sector                                build/stm32f4xx_hal_flash_ex.o
                                                  build/stm32f4xx_hal_flash.o
FLASH_FlushCaches                                 build/stm32f4xx_hal_flash_ex.o
                                                  build/stm32f4xx_hal_flash.o
FLASH_IRQHandler                                  build/startup_stm32f427xx.o
FLASH_WaitForLastOperation                        build/stm32f4xx_hal_flash.o
                                                  build/stm32f4xx_hal_flash_ex.o
FMC_IRQHandler                                    build/startup_stm32f427xx.o
FPU_IRQHandler                                    build/startup_stm32f427xx.o
GYRO_CONFIG                                       build/MPU9250.o
GYRO_FS_SEL_1000DPS                               build/MPU9250.o
GYRO_FS_SEL_2000DPS                               build/MPU9250.o
GYRO_FS_SEL_250DPS                                build/MPU9250.o
GYRO_FS_SEL_500DPS                                build/MPU9250.o
GYRO_OUT                                          build/MPU9250.o
HAL_DBGMCU_DisableDBGSleepMode                    build/stm32f4xx_hal.o
HAL_DBGMCU_DisableDBGStandbyMode                  build/stm32f4xx_hal.o
HAL_DBGMCU_DisableDBGStopMode                     build/stm32f4xx_hal.o
HAL_DBGMCU_EnableDBGSleepMode                     build/stm32f4xx_hal.o
HAL_DBGMCU_EnableDBGStandbyMode                   build/stm32f4xx_hal.o
HAL_DBGMCU_EnableDBGStopMode                      build/stm32f4xx_hal.o
HAL_DMAEx_ChangeMemory                            build/stm32f4xx_hal_dma_ex.o
HAL_DMAEx_MultiBufferStart                        build/stm32f4xx_hal_dma_ex.o
HAL_DMAEx_MultiBufferStart_IT                     build/stm32f4xx_hal_dma_ex.o
HAL_DMA_Abort                                     build/stm32f4xx_hal_dma.o
                                                  build/stm32f4xx_hal_spi.o
HAL_DMA_Abort_IT                                  build/stm32f4xx_hal_dma.o
                                                  build/stm32f4xx_hal_spi.o
HAL_DMA_DeInit                                    build/stm32f4xx_hal_dma.o
HAL_DMA_GetError                                  build/stm32f4xx_hal_dma.o
HAL_DMA_GetState                                  build/stm32f4xx_hal_dma.o
HAL_DMA_IRQHandler                                build/stm32f4xx_hal_dma.o
HAL_DMA_Init                                      build/stm32f4xx_hal_dma.o
HAL_DMA_PollForTransfer                           build/stm32f4xx_hal_dma.o
HAL_DMA_RegisterCallback                          build/stm32f4xx_hal_dma.o
HAL_DMA_Start                                     build/stm32f4xx_hal_dma.o
HAL_DMA_Start_IT                                  build/stm32f4xx_hal_dma.o
                                                  build/stm32f4xx_hal_spi.o
HAL_DMA_UnRegisterCallback                        build/stm32f4xx_hal_dma.o
HAL_DeInit                                        build/stm32f4xx_hal.o
HAL_Delay                                         build/stm32f4xx_hal.o
                                                  build/MPU9250.o
                                                  build/barometer.o
                                                  build/main.o
HAL_DisableCompensationCell                       build/stm32f4xx_hal.o
HAL_DisableMemorySwappingBank                     build/stm32f4xx_hal.o
HAL_EXTI_ClearConfigLine                          build/stm32f4xx_hal_exti.o
HAL_EXTI_ClearPending                             build/stm32f4xx_hal_exti.o
HAL_EXTI_GenerateSWI                              build/stm32f4xx_hal_exti.o
HAL_EXTI_GetConfigLine                            build/stm32f4xx_hal_exti.o
HAL_EXTI_GetHandle                                build/stm32f4xx_hal_exti.o
HAL_EXTI_GetPending                               build/stm32f4xx_hal_exti.o
HAL_EXTI_IRQHandler                               build/stm32f4xx_hal_exti.o
HAL_EXTI_RegisterCallback                         build/stm32f4xx_hal_exti.o
HAL_EXTI_SetConfigLine                            build/stm32f4xx_hal_exti.o
HAL_EnableCompensationCell                        build/stm32f4xx_hal.o
HAL_EnableMemorySwappingBank                      build/stm32f4xx_hal.o
HAL_FLASHEx_AdvOBGetConfig                        build/stm32f4xx_hal_flash_ex.o
HAL_FLASHEx_AdvOBProgram                          build/stm32f4xx_hal_flash_ex.o
HAL_FLASHEx_Erase                                 build/stm32f4xx_hal_flash_ex.o
HAL_FLASHEx_Erase_IT                              build/stm32f4xx_hal_flash_ex.o
HAL_FLASHEx_OBGetConfig                           build/stm32f4xx_hal_flash_ex.o
HAL_FLASHEx_OBProgram                             build/stm32f4xx_hal_flash_ex.o
HAL_FLASHEx_OB_DeSelectPCROP                      build/stm32f4xx_hal_flash_ex.o
HAL_FLASHEx_OB_GetBank2WRP                        build/stm32f4xx_hal_flash_ex.o
HAL_FLASHEx_OB_SelectPCROP                        build/stm32f4xx_hal_flash_ex.o
HAL_FLASH_EndOfOperationCallback                  build/stm32f4xx_hal_flash.o
HAL_FLASH_GetError                                build/stm32f4xx_hal_flash.o
HAL_FLASH_IRQHandler                              build/stm32f4xx_hal_flash.o
HAL_FLASH_Lock                                    build/stm32f4xx_hal_flash.o
HAL_FLASH_OB_Launch                               build/stm32f4xx_hal_flash.o
HAL_FLASH_OB_Lock                                 build/stm32f4xx_hal_flash.o
HAL_FLASH_OB_Unlock                               build/stm32f4xx_hal_flash.o
HAL_FLASH_OperationErrorCallback                  build/stm32f4xx_hal_flash.o
HAL_FLASH_Program                                 build/stm32f4xx_hal_flash.o
HAL_FLASH_Program_IT                              build/stm32f4xx_hal_flash.o
HAL_FLASH_Unlock                                  build/stm32f4xx_hal_flash.o
HAL_GPIO_DeInit                                   build/stm32f4xx_hal_gpio.o
                                                  build/stm32f4xx_hal_msp.o
HAL_GPIO_EXTI_Callback                            build/stm32f4xx_hal_gpio.o
HAL_GPIO_EXTI_IRQHandler                          build/stm32f4xx_hal_gpio.o
HAL_GPIO_Init                                     build/stm32f4xx_hal_gpio.o
                                                  build/stm32f4xx_hal_rcc.o
                                                  build/stm32f4xx_hal_msp.o
                                                  build/main.o
HAL_GPIO_LockPin                                  build/stm32f4xx_hal_gpio.o
HAL_GPIO_ReadPin                                  build/stm32f4xx_hal_gpio.o
HAL_GPIO_TogglePin                                build/stm32f4xx_hal_gpio.o
HAL_GPIO_WritePin                                 build/stm32f4xx_hal_gpio.o
                                                  build/MPU9250.o
                                                  build/barometer.o
                                                  build/main.o
HAL_GetDEVID                                      build/stm32f4xx_hal.o
HAL_GetHalVersion                                 build/stm32f4xx_hal.o
HAL_GetREVID                                      build/stm32f4xx_hal.o
HAL_GetTick                                       build/stm32f4xx_hal.o
                                                  build/stm32f4xx_hal_pwr_ex.o
                                                  build/stm32f4xx_hal_dma.o
                                                  build/stm32f4xx_hal_flash.o
                                                  build/stm32f4xx_hal_rcc_ex.o
                                                  build/stm32f4xx_hal_rcc.o
                                                  build/stm32f4xx_hal_spi.o
HAL_GetTickFreq                                   build/stm32f4xx_hal.o
HAL_GetTickPrio                                   build/stm32f4xx_hal.o
HAL_GetUIDw0                                      build/stm32f4xx_hal.o
HAL_GetUIDw1                                      build/stm32f4xx_hal.o
HAL_GetUIDw2                                      build/stm32f4xx_hal.o
HAL_IncTick                                       build/stm32f4xx_hal.o
                                                  build/stm32f4xx_it.o
HAL_Init                                          build/stm32f4xx_hal.o
                                                  build/main.o
HAL_InitTick                                      build/stm32f4xx_hal.o
                                                  build/stm32f4xx_hal_rcc_ex.o
                                                  build/stm32f4xx_hal_rcc.o
HAL_MPU_ConfigRegion                              build/stm32f4xx_hal_cortex.o
HAL_MPU_Disable                                   build/stm32f4xx_hal_cortex.o
HAL_MPU_Enable                                    build/stm32f4xx_hal_cortex.o
HAL_MspDeInit                                     build/stm32f4xx_hal.o
HAL_MspInit                                       build/stm32f4xx_hal_msp.o
HAL_NVIC_ClearPendingIRQ                          build/stm32f4xx_hal_cortex.o
HAL_NVIC_DisableIRQ                               build/stm32f4xx_hal_cortex.o
HAL_NVIC_EnableIRQ                                build/stm32f4xx_hal_cortex.o
HAL_NVIC_GetActive                                build/stm32f4xx_hal_cortex.o
HAL_NVIC_GetPendingIRQ                            build/stm32f4xx_hal_cortex.o
HAL_NVIC_GetPriority                              build/stm32f4xx_hal_cortex.o
HAL_NVIC_GetPriorityGrouping                      build/stm32f4xx_hal_cortex.o
HAL_NVIC_SetPendingIRQ                            build/stm32f4xx_hal_cortex.o
HAL_NVIC_SetPriority                              build/stm32f4xx_hal_cortex.o
                                                  build/stm32f4xx_hal.o
HAL_NVIC_SetPriorityGrouping                      build/stm32f4xx_hal_cortex.o
                                                  build/stm32f4xx_hal.o
HAL_NVIC_SystemReset                              build/stm32f4xx_hal_cortex.o
HAL_PWREx_ControlVoltageScaling                   build/stm32f4xx_hal_pwr_ex.o
HAL_PWREx_DisableBkUpReg                          build/stm32f4xx_hal_pwr_ex.o
HAL_PWREx_DisableFlashPowerDown                   build/stm32f4xx_hal_pwr_ex.o
HAL_PWREx_DisableOverDrive                        build/stm32f4xx_hal_pwr_ex.o
HAL_PWREx_EnableBkUpReg                           build/stm32f4xx_hal_pwr_ex.o
HAL_PWREx_EnableFlashPowerDown                    build/stm32f4xx_hal_pwr_ex.o
HAL_PWREx_EnableOverDrive                         build/stm32f4xx_hal_pwr_ex.o
HAL_PWREx_EnterUnderDriveSTOPMode                 build/stm32f4xx_hal_pwr_ex.o
HAL_PWREx_GetVoltageRange                         build/stm32f4xx_hal_pwr_ex.o
HAL_PWR_ConfigPVD                                 build/stm32f4xx_hal_pwr.o
HAL_PWR_DeInit                                    build/stm32f4xx_hal_pwr.o
HAL_PWR_DisableBkUpAccess                         build/stm32f4xx_hal_pwr.o
HAL_PWR_DisablePVD                                build/stm32f4xx_hal_pwr.o
HAL_PWR_DisableSEVOnPend                          build/stm32f4xx_hal_pwr.o
HAL_PWR_DisableSleepOnExit                        build/stm32f4xx_hal_pwr.o
HAL_PWR_DisableWakeUpPin                          build/stm32f4xx_hal_pwr.o
HAL_PWR_EnableBkUpAccess                          build/stm32f4xx_hal_pwr.o
HAL_PWR_EnablePVD                                 build/stm32f4xx_hal_pwr.o
HAL_PWR_EnableSEVOnPend                           build/stm32f4xx_hal_pwr.o
HAL_PWR_EnableSleepOnExit                         build/stm32f4xx_hal_pwr.o
HAL_PWR_EnableWakeUpPin                           build/stm32f4xx_hal_pwr.o
HAL_PWR_EnterSLEEPMode                            build/stm32f4xx_hal_pwr.o
HAL_PWR_EnterSTANDBYMode                          build/stm32f4xx_hal_pwr.o
HAL_PWR_EnterSTOPMode                             build/stm32f4xx_hal_pwr.o
HAL_PWR_PVDCallback                               build/stm32f4xx_hal_pwr.o
HAL_PWR_PVD_IRQHandler                            build/stm32f4xx_hal_pwr.o
HAL_RCCEx_DisablePLLI2S                           build/stm32f4xx_hal_rcc_ex.o
HAL_RCCEx_DisablePLLSAI                           build/stm32f4xx_hal_rcc_ex.o
HAL_RCCEx_EnablePLLI2S                            build/stm32f4xx_hal_rcc_ex.o
HAL_RCCEx_EnablePLLSAI                            build/stm32f4xx_hal_rcc_ex.o
HAL_RCCEx_GetPeriphCLKConfig                      build/stm32f4xx_hal_rcc_ex.o
HAL_RCCEx_GetPeriphCLKFreq                        build/stm32f4xx_hal_rcc_ex.o
HAL_RCCEx_PeriphCLKConfig                         build/stm32f4xx_hal_rcc_ex.o
HAL_RCC_CSSCallback                               build/stm32f4xx_hal_rcc.o
HAL_RCC_ClockConfig                               build/stm32f4xx_hal_rcc.o
                                                  build/main.o
HAL_RCC_DeInit                                    build/stm32f4xx_hal_rcc_ex.o
                                                  build/stm32f4xx_hal_rcc.o
HAL_RCC_DisableCSS                                build/stm32f4xx_hal_rcc.o
HAL_RCC_EnableCSS                                 build/stm32f4xx_hal_rcc.o
HAL_RCC_GetClockConfig                            build/stm32f4xx_hal_rcc.o
HAL_RCC_GetHCLKFreq                               build/stm32f4xx_hal_rcc.o
HAL_RCC_GetOscConfig                              build/stm32f4xx_hal_rcc.o
HAL_RCC_GetPCLK1Freq                              build/stm32f4xx_hal_rcc.o
HAL_RCC_GetPCLK2Freq                              build/stm32f4xx_hal_rcc.o
HAL_RCC_GetSysClockFreq                           build/stm32f4xx_hal_rcc.o
HAL_RCC_MCOConfig                                 build/stm32f4xx_hal_rcc.o
HAL_RCC_NMI_IRQHandler                            build/stm32f4xx_hal_rcc.o
HAL_RCC_OscConfig                                 build/stm32f4xx_hal_rcc.o
                                                  build/main.o
HAL_ResumeTick                                    build/stm32f4xx_hal.o
HAL_SPI_Abort                                     build/stm32f4xx_hal_spi.o
HAL_SPI_AbortCpltCallback                         build/stm32f4xx_hal_spi.o
HAL_SPI_Abort_IT                                  build/stm32f4xx_hal_spi.o
HAL_SPI_DMAPause                                  build/stm32f4xx_hal_spi.o
HAL_SPI_DMAResume                                 build/stm32f4xx_hal_spi.o
HAL_SPI_DMAStop                                   build/stm32f4xx_hal_spi.o
HAL_SPI_DeInit                                    build/stm32f4xx_hal_spi.o
HAL_SPI_ErrorCallback                             build/stm32f4xx_hal_spi.o
HAL_SPI_GetError                                  build/stm32f4xx_hal_spi.o
HAL_SPI_GetState                                  build/stm32f4xx_hal_spi.o
HAL_SPI_IRQHandler                                build/stm32f4xx_hal_spi.o
HAL_SPI_Init                                      build/stm32f4xx_hal_spi.o
                                                  build/main.o
HAL_SPI_MspDeInit                                 build/stm32f4xx_hal_msp.o
HAL_SPI_MspInit                                   build/stm32f4xx_hal_msp.o
HAL_SPI_Receive                                   build/stm32f4xx_hal_spi.o
                                                  build/MPU9250.o
HAL_SPI_Receive_DMA                               build/stm32f4xx_hal_spi.o
HAL_SPI_Receive_IT                                build/stm32f4xx_hal_spi.o
HAL_SPI_RxCpltCallback                            build/stm32f4xx_hal_spi.o
HAL_SPI_RxHalfCpltCallback                        build/stm32f4xx_hal_spi.o
HAL_SPI_Transmit                                  build/stm32f4xx_hal_spi.o
                                                  build/MPU9250.o
                                                  build/barometer.o
HAL_SPI_TransmitReceive                           build/stm32f4xx_hal_spi.o
                                                  build/MPU9250.o
                                                  build/barometer.o
HAL_SPI_TransmitReceive_DMA                       build/stm32f4xx_hal_spi.o
HAL_SPI_TransmitReceive_IT                        build/stm32f4xx_hal_spi.o
HAL_SPI_Transmit_DMA                              build/stm32f4xx_hal_spi.o
HAL_SPI_Transmit_IT                               build/stm32f4xx_hal_spi.o
HAL_SPI_TxCpltCallback                            build/stm32f4xx_hal_spi.o
HAL_SPI_TxHalfCpltCallback                        build/stm32f4xx_hal_spi.o
HAL_SPI_TxRxCpltCallback                          build/stm32f4xx_hal_spi.o
HAL_SPI_TxRxHalfCpltCallback                      build/stm32f4xx_hal_spi.o
HAL_SYSTICK_CLKSourceConfig                       build/stm32f4xx_hal_cortex.o
HAL_SYSTICK_Callback                              build/stm32f4xx_hal_cortex.o
HAL_SYSTICK_Config                                build/stm32f4xx_hal_cortex.o
                                                  build/stm32f4xx_hal.o
HAL_SYSTICK_IRQHandler                            build/stm32f4xx_hal_cortex.o
HAL_SetTickFreq                                   build/stm32f4xx_hal.o
HAL_SuspendTick                                   build/stm32f4xx_hal.o
HASH_RNG_IRQHandler                               build/startup_stm32f427xx.o
HSPI                                              build/MPU9250.o
HardFault_Handler                                 build/stm32f4xx_it.o
I2C1_ER_IRQHandler                                build/startup_stm32f427xx.o
I2C1_EV_IRQHandler                                build/startup_stm32f427xx.o
I2C2_ER_IRQHandler                                build/startup_stm32f427xx.o
I2C2_EV_IRQHandler                                build/startup_stm32f427xx.o
I2C3_ER_IRQHandler                                build/startup_stm32f427xx.o
I2C3_EV_IRQHandler                                build/startup_stm32f427xx.o
I2C_MST_CLK                                       build/MPU9250.o
I2C_MST_CTRL                                      build/MPU9250.o
I2C_MST_EN                                        build/MPU9250.o
I2C_READ_FLAG                                     build/MPU9250.o
I2C_SLV0_ADDR                                     build/MPU9250.o
I2C_SLV0_CTRL                                     build/MPU9250.o
I2C_SLV0_DO                                       build/MPU9250.o
I2C_SLV0_EN                                       build/MPU9250.o
I2C_SLV0_REG                                      build/MPU9250.o
INT_DISABLE                                       build/MPU9250.o
INT_ENABLE                                        build/MPU9250.o
INT_PIN_CFG                                       build/MPU9250.o
INT_PULSE_50US                                    build/MPU9250.o
INT_RAW_RDY_EN                                    build/MPU9250.o
INT_WOM_EN                                        build/MPU9250.o
LP_ACCEL_ODR                                      build/MPU9250.o
MOT_DETECT_CTRL                                   build/MPU9250.o
MPU9250_GetData                                   build/MPU9250.o
                                                  build/main.o
MPU9250_Init                                      build/MPU9250.o
                                                  build/main.o
MPU9250_OnActivate                                build/MPU9250.o
MPU9250_SetAccelRange                             build/MPU9250.o
MPU9250_SetDLPFBandwidth                          build/MPU9250.o
MPU9250_SetGyroRange                              build/MPU9250.o
MPU9250_SetSampleRateDivider                      build/MPU9250.o
MPU_SPI_Read                                      build/MPU9250.o
MPU_SPI_Write                                     build/MPU9250.o
MULTIPLEBYTE_CMD                                  build/MPU9250.o
MemManage_Handler                                 build/stm32f4xx_it.o
NMI_Handler                                       build/stm32f4xx_it.o
OTG_FS_IRQHandler                                 build/startup_stm32f427xx.o
OTG_FS_WKUP_IRQHandler                            build/startup_stm32f427xx.o
OTG_HS_EP1_IN_IRQHandler                          build/startup_stm32f427xx.o
OTG_HS_EP1_OUT_IRQHandler                         build/startup_stm32f427xx.o
OTG_HS_IRQHandler                                 build/startup_stm32f427xx.o
OTG_HS_WKUP_IRQHandler                            build/startup_stm32f427xx.o
PVD_IRQHandler                                    build/startup_stm32f427xx.o
PWR_CYCLE                                         build/MPU9250.o
PWR_MGMNT_1                                       build/MPU9250.o
PWR_MGMNT_2                                       build/MPU9250.o
PWR_RESET                                         build/MPU9250.o
PendSV_Handler                                    build/stm32f4xx_it.o
RCC_IRQHandler                                    build/startup_stm32f427xx.o
READWRITE_CMD                                     build/MPU9250.o
RTC_Alarm_IRQHandler                              build/startup_stm32f427xx.o
RTC_WKUP_IRQHandler                               build/startup_stm32f427xx.o
Reset_Handler                                     build/startup_stm32f427xx.o
SAI1_IRQHandler                                   build/startup_stm32f427xx.o
SDIO_IRQHandler                                   build/startup_stm32f427xx.o
SEN_ENABLE                                        build/MPU9250.o
SMPDIV                                            build/MPU9250.o
SPI1_IRQHandler                                   build/startup_stm32f427xx.o
SPI2_IRQHandler                                   build/startup_stm32f427xx.o
SPI3_IRQHandler                                   build/startup_stm32f427xx.o
SPI4_IRQHandler                                   build/startup_stm32f427xx.o
SPI5_IRQHandler                                   build/startup_stm32f427xx.o
SPI6_IRQHandler                                   build/startup_stm32f427xx.o
SPIx_WriteRead                                    build/MPU9250.o
SVC_Handler                                       build/stm32f4xx_it.o
SWO_PrintChar                                     build/main.o
SWO_PrintString                                   build/main.o
SysTick_Handler                                   build/stm32f4xx_it.o
SystemClock_Config                                build/main.o
SystemCoreClock                                   build/system_stm32f4xx.o
                                                  build/stm32f4xx_hal.o
                                                  build/stm32f4xx_hal_dma.o
                                                  build/stm32f4xx_hal_rcc_ex.o
                                                  build/stm32f4xx_hal_rcc.o
                                                  build/stm32f4xx_hal_spi.o
SystemCoreClockUpdate                             build/system_stm32f4xx.o
SystemInit                                        build/system_stm32f4xx.o
                                                  build/startup_stm32f427xx.o
TAMP_STAMP_IRQHandler                             build/startup_stm32f427xx.o
TEMP_OUT                                          build/MPU9250.o
TIM1_BRK_TIM9_IRQHandler                          build/startup_stm32f427xx.o
TIM1_CC_IRQHandler                                build/startup_stm32f427xx.o
TIM1_TRG_COM_TIM11_IRQHandler                     build/startup_stm32f427xx.o
TIM1_UP_TIM10_IRQHandler                          build/startup_stm32f427xx.o
TIM2_IRQHandler                                   build/startup_stm32f427xx.o
TIM3_IRQHandler                                   build/startup_stm32f427xx.o
TIM4_IRQHandler                                   build/startup_stm32f427xx.o
TIM5_IRQHandler                                   build/startup_stm32f427xx.o
TIM6_DAC_IRQHandler                               build/startup_stm32f427xx.o
TIM7_IRQHandler                                   build/startup_stm32f427xx.o
TIM8_BRK_TIM12_IRQHandler                         build/startup_stm32f427xx.o
TIM8_CC_IRQHandler                                build/startup_stm32f427xx.o
TIM8_TRG_COM_TIM14_IRQHandler                     build/startup_stm32f427xx.o
TIM8_UP_TIM13_IRQHandler                          build/startup_stm32f427xx.o
UART4_IRQHandler                                  build/startup_stm32f427xx.o
UART5_IRQHandler                                  build/startup_stm32f427xx.o
UART7_IRQHandler                                  build/startup_stm32f427xx.o
UART8_IRQHandler                                  build/startup_stm32f427xx.o
USART1_IRQHandler                                 build/startup_stm32f427xx.o
USART2_IRQHandler                                 build/startup_stm32f427xx.o
USART3_IRQHandler                                 build/startup_stm32f427xx.o
USART6_IRQHandler                                 build/startup_stm32f427xx.o
USER_CTRL                                         build/MPU9250.o
UsageFault_Handler                                build/stm32f4xx_it.o
WHO_AM_I                                          build/MPU9250.o
WOM_THR                                           build/MPU9250.o
WWDG_IRQHandler                                   build/startup_stm32f427xx.o
__adddf3                                          c:/gcc-arm-none-eabi/bin/../lib/gcc/arm-none-eabi/10.3.1/thumb/v7e-m+fp/hard\libgcc.a(_arm_addsubdf3.o)
__aeabi_cdcmpeq                                   c:/gcc-arm-none-eabi/bin/../lib/gcc/arm-none-eabi/10.3.1/thumb/v7e-m+fp/hard\libgcc.a(_arm_cmpdf2.o)
__aeabi_cdcmple                                   c:/gcc-arm-none-eabi/bin/../lib/gcc/arm-none-eabi/10.3.1/thumb/v7e-m+fp/hard\libgcc.a(_arm_cmpdf2.o)
__aeabi_cdrcmple                                  c:/gcc-arm-none-eabi/bin/../lib/gcc/arm-none-eabi/10.3.1/thumb/v7e-m+fp/hard\libgcc.a(_arm_cmpdf2.o)
__aeabi_d2f                                       c:/gcc-arm-none-eabi/bin/../lib/gcc/arm-none-eabi/10.3.1/thumb/v7e-m+fp/hard\libgcc.a(_arm_truncdfsf2.o)
                                                  build/barometer.o
__aeabi_dadd                                      c:/gcc-arm-none-eabi/bin/../lib/gcc/arm-none-eabi/10.3.1/thumb/v7e-m+fp/hard\libgcc.a(_arm_addsubdf3.o)
                                                  c:/gcc-arm-none-eabi/bin/../lib/gcc/arm-none-eabi/10.3.1/../../../../arm-none-eabi/lib/thumb/v7e-m+fp/hard\libm.a(lib_a-s_scalbn.o)
                                                  c:/gcc-arm-none-eabi/bin/../lib/gcc/arm-none-eabi/10.3.1/../../../../arm-none-eabi/lib/thumb/v7e-m+fp/hard\libm.a(lib_a-e_sqrt.o)
                                                  c:/gcc-arm-none-eabi/bin/../lib/gcc/arm-none-eabi/10.3.1/../../../../arm-none-eabi/lib/thumb/v7e-m+fp/hard\libm.a(lib_a-e_pow.o)
__aeabi_dcmpeq                                    c:/gcc-arm-none-eabi/bin/../lib/gcc/arm-none-eabi/10.3.1/thumb/v7e-m+fp/hard\libgcc.a(_arm_cmpdf2.o)
                                                  c:/gcc-arm-none-eabi/bin/../lib/gcc/arm-none-eabi/10.3.1/../../../../arm-none-eabi/lib/thumb/v7e-m+fp/hard\libm.a(lib_a-math_err.o)
                                                  c:/gcc-arm-none-eabi/bin/../lib/gcc/arm-none-eabi/10.3.1/../../../../arm-none-eabi/lib/thumb/v7e-m+fp/hard\libm.a(lib_a-w_pow.o)
__aeabi_dcmpge                                    c:/gcc-arm-none-eabi/bin/../lib/gcc/arm-none-eabi/10.3.1/thumb/v7e-m+fp/hard\libgcc.a(_arm_cmpdf2.o)
                                                  c:/gcc-arm-none-eabi/bin/../lib/gcc/arm-none-eabi/10.3.1/../../../../arm-none-eabi/lib/thumb/v7e-m+fp/hard\libm.a(lib_a-e_pow.o)
__aeabi_dcmpgt                                    c:/gcc-arm-none-eabi/bin/../lib/gcc/arm-none-eabi/10.3.1/thumb/v7e-m+fp/hard\libgcc.a(_arm_cmpdf2.o)
                                                  c:/gcc-arm-none-eabi/bin/../lib/gcc/arm-none-eabi/10.3.1/../../../../arm-none-eabi/lib/thumb/v7e-m+fp/hard\libm.a(lib_a-e_pow.o)
__aeabi_dcmple                                    c:/gcc-arm-none-eabi/bin/../lib/gcc/arm-none-eabi/10.3.1/thumb/v7e-m+fp/hard\libgcc.a(_arm_cmpdf2.o)
                                                  c:/gcc-arm-none-eabi/bin/../lib/gcc/arm-none-eabi/10.3.1/../../../../arm-none-eabi/lib/thumb/v7e-m+fp/hard\libm.a(lib_a-math_err.o)
__aeabi_dcmplt                                    c:/gcc-arm-none-eabi/bin/../lib/gcc/arm-none-eabi/10.3.1/thumb/v7e-m+fp/hard\libgcc.a(_arm_cmpdf2.o)
                                                  c:/gcc-arm-none-eabi/bin/../lib/gcc/arm-none-eabi/10.3.1/../../../../arm-none-eabi/lib/thumb/v7e-m+fp/hard\libm.a(lib_a-e_pow.o)
                                                  c:/gcc-arm-none-eabi/bin/../lib/gcc/arm-none-eabi/10.3.1/../../../../arm-none-eabi/lib/thumb/v7e-m+fp/hard\libm.a(lib_a-w_pow.o)
__aeabi_dcmpun                                    c:/gcc-arm-none-eabi/bin/../lib/gcc/arm-none-eabi/10.3.1/thumb/v7e-m+fp/hard\libgcc.a(_arm_unorddf2.o)
                                                  c:/gcc-arm-none-eabi/bin/../lib/gcc/arm-none-eabi/10.3.1/../../../../arm-none-eabi/lib/thumb/v7e-m+fp/hard\libm.a(lib_a-math_err.o)
                                                  c:/gcc-arm-none-eabi/bin/../lib/gcc/arm-none-eabi/10.3.1/../../../../arm-none-eabi/lib/thumb/v7e-m+fp/hard\libm.a(lib_a-w_pow.o)
__aeabi_ddiv                                      c:/gcc-arm-none-eabi/bin/../lib/gcc/arm-none-eabi/10.3.1/thumb/v7e-m+fp/hard\libgcc.a(_arm_muldivdf3.o)
                                                  c:/gcc-arm-none-eabi/bin/../lib/gcc/arm-none-eabi/10.3.1/../../../../arm-none-eabi/lib/thumb/v7e-m+fp/hard\libm.a(lib_a-math_err.o)
                                                  c:/gcc-arm-none-eabi/bin/../lib/gcc/arm-none-eabi/10.3.1/../../../../arm-none-eabi/lib/thumb/v7e-m+fp/hard\libm.a(lib_a-e_sqrt.o)